Archive member included to satisfy reference by file (symbol)

C:/Program Files/SEGGER/SEGGER Embedded Studio for ARM 5.42a/lib/libc_v7em_fpv4_sp_d16_hard_t_le_eabi.a(libc2.o)
                              Output/Debug/Obj/tcs3448_pca10100/nrf_log_str_formatter.o (isprint)
C:/Program Files/SEGGER/SEGGER Embedded Studio for ARM 5.42a/lib/libc_v7em_fpv4_sp_d16_hard_t_le_eabi.a(libc2_asm.o)
                              Output/Debug/Obj/tcs3448_pca10100/nrf_log_frontend.o (memcpy)
C:/Program Files/SEGGER/SEGGER Embedded Studio for ARM 5.42a/lib/libc_v7em_fpv4_sp_d16_hard_t_le_eabi.a(libvfprintf.o)
                              (__vfprintf_long)
C:/Program Files/SEGGER/SEGGER Embedded Studio for ARM 5.42a/lib/libc_v7em_fpv4_sp_d16_hard_t_le_eabi.a(libvfscanf.o)
                              (__vfscanf_long)
C:/Program Files/SEGGER/SEGGER Embedded Studio for ARM 5.42a/lib/libc_v7em_fpv4_sp_d16_hard_t_le_eabi.a(libc.o)
                              C:/Program Files/SEGGER/SEGGER Embedded Studio for ARM 5.42a/lib/libc_v7em_fpv4_sp_d16_hard_t_le_eabi.a(libc2.o) (__heap_lock)
C:/Program Files/SEGGER/SEGGER Embedded Studio for ARM 5.42a/lib/libc_v7em_fpv4_sp_d16_hard_t_le_eabi.a(libc_asm.o)
                              C:/Program Files/SEGGER/SEGGER Embedded Studio for ARM 5.42a/lib/libc_v7em_fpv4_sp_d16_hard_t_le_eabi.a(libc2.o) (__aeabi_uldivmod)
C:/Program Files/SEGGER/SEGGER Embedded Studio for ARM 5.42a/lib/libdebugio_v7em_fpv4_sp_d16_hard_t_le_eabi.a(libdebugio.o)
                              Output/Debug/Obj/tcs3448_pca10100/thumb_crt0.o (debug_fopen)
C:/Program Files/SEGGER/SEGGER Embedded Studio for ARM 5.42a/lib/libdebugio_v7em_fpv4_sp_d16_hard_t_le_eabi.a(do_nv_debug_operation.o)
                              C:/Program Files/SEGGER/SEGGER Embedded Studio for ARM 5.42a/lib/libdebugio_v7em_fpv4_sp_d16_hard_t_le_eabi.a(libdebugio.o) (__do_nvdebug_operation)
C:/Program Files/SEGGER/SEGGER Embedded Studio for ARM 5.42a/lib/libdebugio_v7em_fpv4_sp_d16_hard_t_le_eabi.a(mempoll_debug_operations.o)
                              (__do_debug_operation_mempoll)
C:/Program Files/SEGGER/SEGGER Embedded Studio for ARM 5.42a/lib/libm_v7em_fpv4_sp_d16_hard_t_le_eabi.a(libm_asm.o)
                              C:/Program Files/SEGGER/SEGGER Embedded Studio for ARM 5.42a/lib/libc_v7em_fpv4_sp_d16_hard_t_le_eabi.a(libc2.o) (__aeabi_dadd)
C:/Program Files/SEGGER/SEGGER Embedded Studio for ARM 5.42a/lib/libm_v7em_fpv4_sp_d16_hard_t_le_eabi.a(libm2.o)
                              C:/Program Files/SEGGER/SEGGER Embedded Studio for ARM 5.42a/lib/libc_v7em_fpv4_sp_d16_hard_t_le_eabi.a(libvfprintf.o) (frexp)

Discarded input sections

 .text          0x0000000000000000        0x0 Output/Debug/Obj/tcs3448_pca10100/thumb_crt0.o
 .data          0x0000000000000000        0x0 Output/Debug/Obj/tcs3448_pca10100/thumb_crt0.o
 .bss           0x0000000000000000        0x0 Output/Debug/Obj/tcs3448_pca10100/thumb_crt0.o
 .text.__aeabi_read_tp
                0x0000000000000000        0x8 Output/Debug/Obj/tcs3448_pca10100/thumb_crt0.o
 .text.abort    0x0000000000000000        0x2 Output/Debug/Obj/tcs3448_pca10100/thumb_crt0.o
 .text.__assert
                0x0000000000000000        0x2 Output/Debug/Obj/tcs3448_pca10100/thumb_crt0.o
 .text.__assert_func
                0x0000000000000000        0x2 Output/Debug/Obj/tcs3448_pca10100/thumb_crt0.o
 .text.__aeabi_assert
                0x0000000000000000        0x2 Output/Debug/Obj/tcs3448_pca10100/thumb_crt0.o
 .text.__sync_synchronize
                0x0000000000000000        0x2 Output/Debug/Obj/tcs3448_pca10100/thumb_crt0.o
 .text.__getchar
                0x0000000000000000        0x4 Output/Debug/Obj/tcs3448_pca10100/thumb_crt0.o
 .text.__putchar
                0x0000000000000000        0x4 Output/Debug/Obj/tcs3448_pca10100/thumb_crt0.o
 .text.__open   0x0000000000000000        0x4 Output/Debug/Obj/tcs3448_pca10100/thumb_crt0.o
 .text.__close  0x0000000000000000        0x4 Output/Debug/Obj/tcs3448_pca10100/thumb_crt0.o
 .text.__write  0x0000000000000000        0xa Output/Debug/Obj/tcs3448_pca10100/thumb_crt0.o
 .text.__read   0x0000000000000000        0xa Output/Debug/Obj/tcs3448_pca10100/thumb_crt0.o
 .text.__seek   0x0000000000000000       0x1a Output/Debug/Obj/tcs3448_pca10100/thumb_crt0.o
 .text.remove   0x0000000000000000        0x4 Output/Debug/Obj/tcs3448_pca10100/thumb_crt0.o
 .text.rename   0x0000000000000000        0x4 Output/Debug/Obj/tcs3448_pca10100/thumb_crt0.o
 .bss.__user_locale_name_buffer
                0x0000000000000000        0x4 Output/Debug/Obj/tcs3448_pca10100/thumb_crt0.o
 .stack         0x0000000000000000        0x0 Output/Debug/Obj/tcs3448_pca10100/thumb_crt0.o
 .stack_process
                0x0000000000000000        0x0 Output/Debug/Obj/tcs3448_pca10100/thumb_crt0.o
 .heap          0x0000000000000000        0x0 Output/Debug/Obj/tcs3448_pca10100/thumb_crt0.o
 .group         0x0000000000000000        0xc Output/Debug/Obj/tcs3448_pca10100/nrf_log_backend_rtt.o
[...]
Memory Configuration

Name             Origin             Length             Attributes
UNPLACED_SECTIONS 0x0000000100000000 0x0000000000000000 xw
RAM1             0x0000000020000000 0x0000000000020000 xw
FLASH1           0x0000000000000000 0x0000000000080000 xw
*default*        0x0000000000000000 0xffffffffffffffff

Linker script and memory map

                0x0000000000000000                __do_debug_operation = __do_debug_operation_mempoll
                0x0000000000000000                __vfprintf = __vfprintf_long
                0x0000000000000000                __vfscanf = __vfscanf_long
                0x0000000020000000                __RAM1_segment_start__ = 0x20000000
                0x0000000020020000                __RAM1_segment_end__ = 0x20020000
                0x0000000000020000                __RAM1_segment_size__ = 0x20000
                0x0000000000000000                __FLASH1_segment_start__ = 0x0
                0x0000000000080000                __FLASH1_segment_end__ = 0x80000
                0x0000000000080000                __FLASH1_segment_size__ = 0x80000
                0x0000000000002000                __HEAPSIZE__ = 0x2000
                0x0000000000000000                __STACKSIZE_PROCESS__ = 0x0
                0x0000000000002000                __STACKSIZE__ = 0x2000
                0x0000000020000000                __vectors_ram_load_start__ = 0x20000000

.vectors_ram    0x0000000020000000        0x0
                0x0000000020000000                __vectors_ram_start__ = .
                0x0000000020000000                __app_ram_start__ = __vectors_ram_start__
 *(.vectors_ram .vectors_ram.*)
                0x0000000020000000                __vectors_ram_end__ = (__vectors_ram_start__ + SIZEOF (.vectors_ram))
                0x0000000000000000                __vectors_ram_size__ = SIZEOF (.vectors_ram)
                0x0000000020000000                __vectors_ram_load_end__ = __vectors_ram_end__
                0x0000000000000001                . = ASSERT (((__vectors_ram_start__ == __vectors_ram_end__) || ((__vectors_ram_end__ - __RAM1_segment_start__) <= __RAM1_segment_size__)), error: .vectors_ram is too large to fit in RAM1 memory segment)
                0x0000000020000000                __nrf_sections_run_load_start__ = ALIGN (__vectors_ram_end__, 0x4)

.nrf_sections_run
                0x0000000020000000        0x0
                0x0000000020000000                __nrf_sections_run_start__ = .
                0x0000000020000000                __start_nrf_sections_run = __nrf_sections_run_start__
 *(.nrf_sections_run .nrf_sections_run.*)
                0x0000000020000000                __nrf_sections_run_end__ = (__nrf_sections_run_start__ + SIZEOF (.nrf_sections_run))
                0x0000000000000000                __nrf_sections_run_size__ = SIZEOF (.nrf_sections_run)
                0x0000000020000000                __nrf_sections_run_load_end__ = __nrf_sections_run_end__
                0x0000000000000001                . = ASSERT (((__nrf_sections_run_start__ == __nrf_sections_run_end__) || ((__nrf_sections_run_end__ - __RAM1_segment_start__) <= __RAM1_segment_size__)), error: .nrf_sections_run is too large to fit in RAM1 memory segment)
                0x0000000000000000                __vectors_load_start__ = 0x0

.vectors        0x0000000000000000      0x200
                0x0000000000000000                __vectors_start__ = .
 *(.vectors .vectors.*)
 .vectors       0x0000000000000000      0x200 Output/Debug/Obj/tcs3448_pca10100/ses_startup_nrf52833.o
                0x0000000000000000                _vectors
                0x0000000000000200                __vectors_end__ = (__vectors_start__ + SIZEOF (.vectors))
                0x0000000000000200                __vectors_size__ = SIZEOF (.vectors)
                0x0000000000000200                __vectors_load_end__ = __vectors_end__
                0x0000000000000001                . = ASSERT (((__vectors_start__ == __vectors_end__) || ((__vectors_end__ - __FLASH1_segment_start__) <= __FLASH1_segment_size__)), error: .vectors is too large to fit in FLASH1 memory segment)
                0x0000000000000200                __init_load_start__ = ALIGN (__vectors_end__, 0x4)

.init           0x0000000000000200      0x1d0
                0x0000000000000200                __init_start__ = .
 *(.init .init.*)
 .init          0x0000000000000200      0x15c Output/Debug/Obj/tcs3448_pca10100/thumb_crt0.o
                0x0000000000000200                _start
                0x00000000000002b4                exit
 .init          0x000000000000035c       0x18 Output/Debug/Obj/tcs3448_pca10100/ses_startup_nrf52833.o
                0x000000000000035c                NMI_Handler
                0x000000000000035e                HardFault_Handler
                0x0000000000000360                MemoryManagement_Handler
                0x0000000000000362                BusFault_Handler
                0x0000000000000364                UsageFault_Handler
                0x0000000000000366                SVC_Handler
                0x0000000000000368                DebugMon_Handler
                0x000000000000036a                PendSV_Handler
                0x000000000000036c                SysTick_Handler
                0x000000000000036e                PWM1_IRQHandler
                0x000000000000036e                GPIOTE_IRQHandler
                0x000000000000036e                SWI0_EGU0_IRQHandler
                0x000000000000036e                RADIO_IRQHandler
                0x000000000000036e                PDM_IRQHandler
                0x000000000000036e                TEMP_IRQHandler
                0x000000000000036e                QDEC_IRQHandler
                0x000000000000036e                TIMER3_IRQHandler
                0x000000000000036e                RTC0_IRQHandler
                0x000000000000036e                FPU_IRQHandler
                0x000000000000036e                USBD_IRQHandler
                0x000000000000036e                SWI2_EGU2_IRQHandler
                0x000000000000036e                TIMER4_IRQHandler
                0x000000000000036e                I2S_IRQHandler
                0x000000000000036e                SWI4_EGU4_IRQHandler
                0x000000000000036e                TIMER0_IRQHandler
                0x000000000000036e                UARTE1_IRQHandler
                0x000000000000036e                Dummy_Handler
                0x000000000000036e                TIMER1_IRQHandler
                0x000000000000036e                SPIM3_IRQHandler
                0x000000000000036e                PWM2_IRQHandler
                0x000000000000036e                ECB_IRQHandler
                0x000000000000036e                CCM_AAR_IRQHandler
                0x000000000000036e                WDT_IRQHandler
                0x000000000000036e                PWM3_IRQHandler
                0x000000000000036e                SWI5_EGU5_IRQHandler
                0x000000000000036e                RNG_IRQHandler
                0x000000000000036e                PWM0_IRQHandler
                0x000000000000036e                SWI3_EGU3_IRQHandler
                0x000000000000036e                RTC1_IRQHandler
                0x000000000000036e                SWI1_EGU1_IRQHandler
                0x000000000000036e                SPIM2_SPIS2_SPI2_IRQHandler
                0x000000000000036e                NFCT_IRQHandler
                0x000000000000036e                TIMER2_IRQHandler
                0x000000000000036e                MWU_IRQHandler
                0x000000000000036e                COMP_LPCOMP_IRQHandler
                0x0000000000000370                nRFInitialize
 .init          0x0000000000000374       0x5c Output/Debug/Obj/tcs3448_pca10100/ses_startup_nrf_common.o
                0x0000000000000374                Reset_Handler
                0x0000000000000378                afterInitialize
                0x000000000000039c                InitializeUserMemorySections
                0x00000000000003d0                __init_end__ = (__init_start__ + SIZEOF (.init))
                0x00000000000001d0                __init_size__ = SIZEOF (.init)
                0x00000000000003d0                __init_load_end__ = __init_end__
                0x0000000000000001                . = ASSERT (((__init_start__ == __init_end__) || ((__init_end__ - __FLASH1_segment_start__) <= __FLASH1_segment_size__)), error: .init is too large to fit in FLASH1 memory segment)
                0x00000000000003d0                __init_rodata_load_start__ = ALIGN (__init_end__, 0x4)

.init_rodata    0x00000000000003d0        0x0
                0x00000000000003d0                __init_rodata_start__ = .
 *(.init_rodata .init_rodata.*)
                0x00000000000003d0                __init_rodata_end__ = (__init_rodata_start__ + SIZEOF (.init_rodata))
                0x0000000000000000                __init_rodata_size__ = SIZEOF (.init_rodata)
                0x00000000000003d0                __init_rodata_load_end__ = __init_rodata_end__
                0x0000000000000001                . = ASSERT (((__init_rodata_start__ == __init_rodata_end__) || ((__init_rodata_end__ - __FLASH1_segment_start__) <= __FLASH1_segment_size__)), error: .init_rodata is too large to fit in FLASH1 memory segment)
                0x00000000000003d0                __text_load_start__ = ALIGN (__init_rodata_end__, 0x4)

.text           0x00000000000003d0     0x63a8
                0x00000000000003d0                __text_start__ = .
 *(.text .text.* .glue_7t .glue_7 .gnu.linkonce.t.* .gcc_except_table .ARM.extab* .gnu.linkonce.armextab.*)
 .glue_7        0x00000000000003d0        0x0 linker stubs
 .glue_7t       0x00000000000003d0        0x0 linker stubs
 .text.nrfx_coredep_delay_us
                0x00000000000003d0       0x30 Output/Debug/Obj/tcs3448_pca10100/nrf_log_backend_rtt.o
 .text.nrf_delay_ms
                0x0000000000000400       0x2a Output/Debug/Obj/tcs3448_pca10100/nrf_log_backend_rtt.o
 .text.nrf_log_backend_rtt_init
                0x000000000000042a        0xa Output/Debug/Obj/tcs3448_pca10100/nrf_log_backend_rtt.o
                0x000000000000042a                nrf_log_backend_rtt_init
 .text.serial_tx
                0x0000000000000434       0x84 Output/Debug/Obj/tcs3448_pca10100/nrf_log_backend_rtt.o
 .text.nrf_log_backend_rtt_put
                0x00000000000004b8       0x28 Output/Debug/Obj/tcs3448_pca10100/nrf_log_backend_rtt.o
 .text.nrf_log_backend_rtt_flush
                0x00000000000004e0        0xa Output/Debug/Obj/tcs3448_pca10100/nrf_log_backend_rtt.o
 .text.nrf_log_backend_rtt_panic_set
                0x00000000000004ea        0xa Output/Debug/Obj/tcs3448_pca10100/nrf_log_backend_rtt.o
 .text.nrf_log_backend_serial_put
                0x00000000000004f4      0x124 Output/Debug/Obj/tcs3448_pca10100/nrf_log_backend_serial.o
                0x00000000000004f4                nrf_log_backend_serial_put
 .text.nrf_log_backend_enable
                0x0000000000000618       0x12 Output/Debug/Obj/tcs3448_pca10100/nrf_log_default_backends.o
 *fill*         0x000000000000062a        0x2 
 .text.nrf_log_default_backends_init
                0x000000000000062c       0x3c Output/Debug/Obj/tcs3448_pca10100/nrf_log_default_backends.o
                0x000000000000062c                nrf_log_default_backends_init
 .text.nrf_log_backend_put
                0x0000000000000668       0x1c Output/Debug/Obj/tcs3448_pca10100/nrf_log_frontend.o
 .text.nrf_log_backend_panic_set
                0x0000000000000684       0x18 Output/Debug/Obj/tcs3448_pca10100/nrf_log_frontend.o
 .text.nrf_log_backend_flush
                0x000000000000069c       0x18 Output/Debug/Obj/tcs3448_pca10100/nrf_log_frontend.o
 .text.nrf_log_backend_id_set
                0x00000000000006b4       0x1a Output/Debug/Obj/tcs3448_pca10100/nrf_log_frontend.o
 .text.nrf_log_backend_id_get
                0x00000000000006ce       0x10 Output/Debug/Obj/tcs3448_pca10100/nrf_log_frontend.o
 .text.nrf_log_backend_enable
                0x00000000000006de       0x12 Output/Debug/Obj/tcs3448_pca10100/nrf_log_frontend.o
 .text.nrf_log_backend_is_enabled
                0x00000000000006f0       0x10 Output/Debug/Obj/tcs3448_pca10100/nrf_log_frontend.o
 .text.nrf_log_init
                0x0000000000000700       0x50 Output/Debug/Obj/tcs3448_pca10100/nrf_log_frontend.o
                0x0000000000000700                nrf_log_init
 .text.nrf_log_module_cnt_get
                0x0000000000000750       0x14 Output/Debug/Obj/tcs3448_pca10100/nrf_log_frontend.o
                0x0000000000000750                nrf_log_module_cnt_get
 .text.module_idx_get
                0x0000000000000764       0x64 Output/Debug/Obj/tcs3448_pca10100/nrf_log_frontend.o
 .text.nrf_log_module_name_get
                0x00000000000007c8       0x40 Output/Debug/Obj/tcs3448_pca10100/nrf_log_frontend.o
                0x00000000000007c8                nrf_log_module_name_get
 .text.nrf_log_color_id_get
                0x0000000000000808       0x70 Output/Debug/Obj/tcs3448_pca10100/nrf_log_frontend.o
                0x0000000000000808                nrf_log_color_id_get
 .text.invalid_packets_omit
                0x0000000000000878       0x6e Output/Debug/Obj/tcs3448_pca10100/nrf_log_frontend.o
 *fill*         0x00000000000008e6        0x2 
 .text.log_skip
                0x00000000000008e8      0x118 Output/Debug/Obj/tcs3448_pca10100/nrf_log_frontend.o
 .text.dropped_sat16_get
                0x0000000000000a00       0x28 Output/Debug/Obj/tcs3448_pca10100/nrf_log_frontend.o
 .text.std_header_set
                0x0000000000000a28       0xb4 Output/Debug/Obj/tcs3448_pca10100/nrf_log_frontend.o
 .text.log_pending_hook
                0x0000000000000adc        0x4 Output/Debug/Obj/tcs3448_pca10100/nrf_log_frontend.o
                0x0000000000000adc                log_pending_hook
 .text.buf_prealloc
                0x0000000000000ae0      0x128 Output/Debug/Obj/tcs3448_pca10100/nrf_log_frontend.o
 .text.std_n    0x0000000000000c08       0x98 Output/Debug/Obj/tcs3448_pca10100/nrf_log_frontend.o
 .text.nrf_log_frontend_std_0
                0x0000000000000ca0       0x1c Output/Debug/Obj/tcs3448_pca10100/nrf_log_frontend.o
                0x0000000000000ca0                nrf_log_frontend_std_0
 .text.nrf_log_frontend_std_1
                0x0000000000000cbc       0x22 Output/Debug/Obj/tcs3448_pca10100/nrf_log_frontend.o
                0x0000000000000cbc                nrf_log_frontend_std_1
 .text.nrf_log_frontend_std_2
                0x0000000000000cde       0x28 Output/Debug/Obj/tcs3448_pca10100/nrf_log_frontend.o
                0x0000000000000cde                nrf_log_frontend_std_2
 .text.nrf_log_frontend_std_3
                0x0000000000000d06       0x2c Output/Debug/Obj/tcs3448_pca10100/nrf_log_frontend.o
                0x0000000000000d06                nrf_log_frontend_std_3
 .text.nrf_log_frontend_std_5
                0x0000000000000d32       0x34 Output/Debug/Obj/tcs3448_pca10100/nrf_log_frontend.o
                0x0000000000000d32                nrf_log_frontend_std_5
 *fill*         0x0000000000000d66        0x2 
 .text.buffer_is_empty
                0x0000000000000d68       0x1c Output/Debug/Obj/tcs3448_pca10100/nrf_log_frontend.o
                0x0000000000000d68                buffer_is_empty
 .text.nrf_log_frontend_dequeue
                0x0000000000000d84      0x3a0 Output/Debug/Obj/tcs3448_pca10100/nrf_log_frontend.o
                0x0000000000000d84                nrf_log_frontend_dequeue
 .text.backend_id_assign
                0x0000000000001124       0x68 Output/Debug/Obj/tcs3448_pca10100/nrf_log_frontend.o
 .text.nrf_log_backend_add
                0x000000000000118c       0x70 Output/Debug/Obj/tcs3448_pca10100/nrf_log_frontend.o
                0x000000000000118c                nrf_log_backend_add
 .text.nrf_log_panic
                0x00000000000011fc       0x3c Output/Debug/Obj/tcs3448_pca10100/nrf_log_frontend.o
                0x00000000000011fc                nrf_log_panic
 .text.timestamp_print
                0x0000000000001238        0xc Output/Debug/Obj/tcs3448_pca10100/nrf_log_str_formatter.o
 .text.prefix_process
                0x0000000000001244       0xb0 Output/Debug/Obj/tcs3448_pca10100/nrf_log_str_formatter.o
 .text.postfix_process
                0x00000000000012f4       0x60 Output/Debug/Obj/tcs3448_pca10100/nrf_log_str_formatter.o
 .text.nrf_log_std_entry_process
                0x0000000000001354      0x144 Output/Debug/Obj/tcs3448_pca10100/nrf_log_str_formatter.o
                0x0000000000001354                nrf_log_std_entry_process
 .text.nrf_log_hexdump_entry_process
                0x0000000000001498       0xf0 Output/Debug/Obj/tcs3448_pca10100/nrf_log_str_formatter.o
                0x0000000000001498                nrf_log_hexdump_entry_process
 .text.app_error_save_and_stop
                0x0000000000001588       0x98 Output/Debug/Obj/tcs3448_pca10100/app_error.o
                0x0000000000001588                app_error_save_and_stop
 .text.app_error_handler
                0x0000000000001620       0x1c Output/Debug/Obj/tcs3448_pca10100/app_error_handler_gcc.o
                0x0000000000001620                app_error_handler
 .text.app_error_fault_handler
                0x000000000000163c      0x104 Output/Debug/Obj/tcs3448_pca10100/app_error_weak.o
                0x000000000000163c                app_error_fault_handler
 .text.app_util_disable_irq
                0x0000000000001740       0x18 Output/Debug/Obj/tcs3448_pca10100/app_util_platform.o
                0x0000000000001740                app_util_disable_irq
 .text.app_util_enable_irq
                0x0000000000001758       0x20 Output/Debug/Obj/tcs3448_pca10100/app_util_platform.o
                0x0000000000001758                app_util_enable_irq
 .text.app_util_critical_region_enter
                0x0000000000001778       0x28 Output/Debug/Obj/tcs3448_pca10100/app_util_platform.o
                0x0000000000001778                app_util_critical_region_enter
 .text.app_util_critical_region_exit
                0x00000000000017a0       0x2c Output/Debug/Obj/tcs3448_pca10100/app_util_platform.o
                0x00000000000017a0                app_util_critical_region_exit
 .text.privilege_level_get
                0x00000000000017cc       0x3a Output/Debug/Obj/tcs3448_pca10100/app_util_platform.o
                0x00000000000017cc                privilege_level_get
 .text.assert_nrf_callback
                0x0000000000001806       0x2c Output/Debug/Obj/tcs3448_pca10100/nrf_assert.o
                0x0000000000001806                assert_nrf_callback
 .text.nrf_atomic_u32_fetch_store
                0x0000000000001832       0x2e Output/Debug/Obj/tcs3448_pca10100/nrf_atomic.o
                0x0000000000001832                nrf_atomic_u32_fetch_store
 .text.nrf_atomic_u32_or
                0x0000000000001860       0x30 Output/Debug/Obj/tcs3448_pca10100/nrf_atomic.o
                0x0000000000001860                nrf_atomic_u32_or
 .text.nrf_atomic_u32_fetch_and
                0x0000000000001890       0x30 Output/Debug/Obj/tcs3448_pca10100/nrf_atomic.o
                0x0000000000001890                nrf_atomic_u32_fetch_and
 .text.nrf_atomic_u32_add
                0x00000000000018c0       0x30 Output/Debug/Obj/tcs3448_pca10100/nrf_atomic.o
                0x00000000000018c0                nrf_atomic_u32_add
 .text.nrf_atomic_u32_sub
                0x00000000000018f0       0x30 Output/Debug/Obj/tcs3448_pca10100/nrf_atomic.o
                0x00000000000018f0                nrf_atomic_u32_sub
 .text.nrf_atomic_flag_set
                0x0000000000001920       0x18 Output/Debug/Obj/tcs3448_pca10100/nrf_atomic.o
                0x0000000000001920                nrf_atomic_flag_set
 .text.nrf_atomic_flag_clear_fetch
                0x0000000000001938       0x18 Output/Debug/Obj/tcs3448_pca10100/nrf_atomic.o
                0x0000000000001938                nrf_atomic_flag_clear_fetch
 .text.nrf_balloc_idx2block
                0x0000000000001950       0x38 Output/Debug/Obj/tcs3448_pca10100/nrf_balloc.o
 .text.nrf_balloc_block2idx
                0x0000000000001988       0x34 Output/Debug/Obj/tcs3448_pca10100/nrf_balloc.o
 .text.nrf_balloc_init
                0x00000000000019bc       0xb8 Output/Debug/Obj/tcs3448_pca10100/nrf_balloc.o
                0x00000000000019bc                nrf_balloc_init
 .text.nrf_balloc_alloc
                0x0000000000001a74       0x84 Output/Debug/Obj/tcs3448_pca10100/nrf_balloc.o
                0x0000000000001a74                nrf_balloc_alloc
 .text.nrf_balloc_free
                0x0000000000001af8       0x58 Output/Debug/Obj/tcs3448_pca10100/nrf_balloc.o
                0x0000000000001af8                nrf_balloc_free
 .text.nrf_fprintf_buffer_flush
                0x0000000000001b50       0x44 Output/Debug/Obj/tcs3448_pca10100/nrf_fprintf.o
                0x0000000000001b50                nrf_fprintf_buffer_flush
 .text.nrf_fprintf
                0x0000000000001b94       0x74 Output/Debug/Obj/tcs3448_pca10100/nrf_fprintf.o
                0x0000000000001b94                nrf_fprintf
 .text.buffer_add
                0x0000000000001c08       0x3c Output/Debug/Obj/tcs3448_pca10100/nrf_fprintf_format.o
 .text.string_print
                0x0000000000001c44       0xc2 Output/Debug/Obj/tcs3448_pca10100/nrf_fprintf_format.o
 *fill*         0x0000000000001d06        0x2 
 .text.unsigned_print
                0x0000000000001d08      0x130 Output/Debug/Obj/tcs3448_pca10100/nrf_fprintf_format.o
 .text.int_print
                0x0000000000001e38      0x11c Output/Debug/Obj/tcs3448_pca10100/nrf_fprintf_format.o
 .text.nrf_fprintf_fmt
                0x0000000000001f54      0x388 Output/Debug/Obj/tcs3448_pca10100/nrf_fprintf_format.o
                0x0000000000001f54                nrf_fprintf_fmt
 .text.nrf_memobj_pool_init
                0x00000000000022dc       0x16 Output/Debug/Obj/tcs3448_pca10100/nrf_memobj.o
                0x00000000000022dc                nrf_memobj_pool_init
 .text.nrf_memobj_alloc
                0x00000000000022f2       0xae Output/Debug/Obj/tcs3448_pca10100/nrf_memobj.o
                0x00000000000022f2                nrf_memobj_alloc
 .text.nrf_memobj_free
                0x00000000000023a0       0x74 Output/Debug/Obj/tcs3448_pca10100/nrf_memobj.o
                0x00000000000023a0                nrf_memobj_free
 .text.nrf_memobj_get
                0x0000000000002414       0x1e Output/Debug/Obj/tcs3448_pca10100/nrf_memobj.o
                0x0000000000002414                nrf_memobj_get
 .text.nrf_memobj_put
                0x0000000000002432       0x34 Output/Debug/Obj/tcs3448_pca10100/nrf_memobj.o
                0x0000000000002432                nrf_memobj_put
 *fill*         0x0000000000002466        0x2 
 .text.memobj_op
                0x0000000000002468      0x124 Output/Debug/Obj/tcs3448_pca10100/nrf_memobj.o
 .text.nrf_memobj_write
                0x000000000000258c       0x3c Output/Debug/Obj/tcs3448_pca10100/nrf_memobj.o
                0x000000000000258c                nrf_memobj_write
 .text.nrf_memobj_read
                0x00000000000025c8       0x40 Output/Debug/Obj/tcs3448_pca10100/nrf_memobj.o
                0x00000000000025c8                nrf_memobj_read
 .text.__NVIC_ClearPendingIRQ
                0x0000000000002608       0x38 Output/Debug/Obj/tcs3448_pca10100/nrf_pwr_mgmt.o
 .text.pwr_mgmt_fpu_sleep_prepare
                0x0000000000002640       0x50 Output/Debug/Obj/tcs3448_pca10100/nrf_pwr_mgmt.o
 .text.nrf_pwr_mgmt_run
                0x0000000000002690       0x10 Output/Debug/Obj/tcs3448_pca10100/nrf_pwr_mgmt.o
                0x0000000000002690                nrf_pwr_mgmt_run
 .text.nrf_ringbuf_init
                0x00000000000026a0       0x3a Output/Debug/Obj/tcs3448_pca10100/nrf_ringbuf.o
                0x00000000000026a0                nrf_ringbuf_init
 *fill*         0x00000000000026da        0x2 
 .text.nrf_strerror_get
                0x00000000000026dc       0x28 Output/Debug/Obj/tcs3448_pca10100/nrf_strerror.o
                0x00000000000026dc                nrf_strerror_get
 .text.nrf_strerror_find
                0x0000000000002704       0x68 Output/Debug/Obj/tcs3448_pca10100/nrf_strerror.o
                0x0000000000002704                nrf_strerror_find
 .text.nrf_wdt_started
                0x000000000000276c       0x18 Output/Debug/Obj/tcs3448_pca10100/nrf_drv_clock.o
 .text.nrf_drv_clock_init
                0x0000000000002784       0x64 Output/Debug/Obj/tcs3448_pca10100/nrf_drv_clock.o
                0x0000000000002784                nrf_drv_clock_init
 .text.item_enqueue
                0x00000000000027e8       0x38 Output/Debug/Obj/tcs3448_pca10100/nrf_drv_clock.o
 .text.item_dequeue
                0x0000000000002820       0x20 Output/Debug/Obj/tcs3448_pca10100/nrf_drv_clock.o
 .text.nrf_drv_clock_lfclk_request
                0x0000000000002840       0x9c Output/Debug/Obj/tcs3448_pca10100/nrf_drv_clock.o
                0x0000000000002840                nrf_drv_clock_lfclk_request
 .text.clock_clk_started_notify
                0x00000000000028dc       0x4c Output/Debug/Obj/tcs3448_pca10100/nrf_drv_clock.o
 .text.clock_irq_handler
                0x0000000000002928       0x40 Output/Debug/Obj/tcs3448_pca10100/nrf_drv_clock.o
 .text.__NVIC_EnableIRQ
                0x0000000000002968       0x34 Output/Debug/Obj/tcs3448_pca10100/nrfx_clock.o
 .text.__NVIC_SetPriority
                0x000000000000299c       0x50 Output/Debug/Obj/tcs3448_pca10100/nrfx_clock.o
 .text.nrfx_get_irq_number
                0x00000000000029ec       0x10 Output/Debug/Obj/tcs3448_pca10100/nrfx_clock.o
 .text._NRFX_IRQ_PRIORITY_SET
                0x00000000000029fc       0x40 Output/Debug/Obj/tcs3448_pca10100/nrfx_clock.o
 .text._NRFX_IRQ_ENABLE
                0x0000000000002a3c       0x1c Output/Debug/Obj/tcs3448_pca10100/nrfx_clock.o
 .text._NRFX_IRQ_IS_ENABLED
                0x0000000000002a58       0x4c Output/Debug/Obj/tcs3448_pca10100/nrfx_clock.o
 .text.nrf_clock_int_enable
                0x0000000000002aa4       0x14 Output/Debug/Obj/tcs3448_pca10100/nrfx_clock.o
 .text.nrf_clock_int_disable
                0x0000000000002ab8       0x14 Output/Debug/Obj/tcs3448_pca10100/nrfx_clock.o
 .text.nrf_clock_task_trigger
                0x0000000000002acc       0x1a Output/Debug/Obj/tcs3448_pca10100/nrfx_clock.o
 .text.nrf_clock_event_clear
                0x0000000000002ae6       0x28 Output/Debug/Obj/tcs3448_pca10100/nrfx_clock.o
 .text.nrf_clock_event_check
                0x0000000000002b0e       0x22 Output/Debug/Obj/tcs3448_pca10100/nrfx_clock.o
 .text.nrf_clock_lf_src_set
                0x0000000000002b30       0x14 Output/Debug/Obj/tcs3448_pca10100/nrfx_clock.o
 .text.nrfx_power_clock_irq_init
                0x0000000000002b44       0x56 Output/Debug/Obj/tcs3448_pca10100/nrfx_clock.o
 *fill*         0x0000000000002b9a        0x2 
 .text.nrfx_clock_init
                0x0000000000002b9c       0x44 Output/Debug/Obj/tcs3448_pca10100/nrfx_clock.o
                0x0000000000002b9c                nrfx_clock_init
 .text.nrfx_clock_enable
                0x0000000000002be0       0x28 Output/Debug/Obj/tcs3448_pca10100/nrfx_clock.o
                0x0000000000002be0                nrfx_clock_enable
 .text.nrfx_clock_lfclk_start
                0x0000000000002c08       0x34 Output/Debug/Obj/tcs3448_pca10100/nrfx_clock.o
                0x0000000000002c08                nrfx_clock_lfclk_start
 .text.POWER_CLOCK_IRQHandler
                0x0000000000002c3c       0x54 Output/Debug/Obj/tcs3448_pca10100/nrfx_clock.o
                0x0000000000002c3c                POWER_CLOCK_IRQHandler
 .text.UARTE0_UART0_IRQHandler
                0x0000000000002c90       0x24 Output/Debug/Obj/tcs3448_pca10100/nrfx_prs.o
                0x0000000000002c90                UARTE0_UART0_IRQHandler
 .text.prs_box_get
                0x0000000000002cb4       0x20 Output/Debug/Obj/tcs3448_pca10100/nrfx_prs.o
 .text.nrfx_prs_acquire
                0x0000000000002cd4       0x74 Output/Debug/Obj/tcs3448_pca10100/nrfx_prs.o
                0x0000000000002cd4                nrfx_prs_acquire
 .text.nrf_saadc_task_trigger
                0x0000000000002d48       0x1e Output/Debug/Obj/tcs3448_pca10100/nrfx_saadc.o
 .text.nrf_saadc_event_check
                0x0000000000002d66       0x26 Output/Debug/Obj/tcs3448_pca10100/nrfx_saadc.o
 .text.nrf_saadc_event_clear
                0x0000000000002d8c       0x30 Output/Debug/Obj/tcs3448_pca10100/nrfx_saadc.o
 .text.nrf_saadc_buffer_init
                0x0000000000002dbc       0x20 Output/Debug/Obj/tcs3448_pca10100/nrfx_saadc.o
 .text.SAADC_IRQHandler
                0x0000000000002ddc      0x260 Output/Debug/Obj/tcs3448_pca10100/nrfx_saadc.o
                0x0000000000002ddc                SAADC_IRQHandler
 .text.__NVIC_EnableIRQ
                0x000000000000303c       0x34 Output/Debug/Obj/tcs3448_pca10100/nrfx_rtc.o
 .text.__NVIC_SetPriority
                0x0000000000003070       0x50 Output/Debug/Obj/tcs3448_pca10100/nrfx_rtc.o
 .text._NRFX_IRQ_PRIORITY_SET
                0x00000000000030c0       0x40 Output/Debug/Obj/tcs3448_pca10100/nrfx_rtc.o
 .text._NRFX_IRQ_ENABLE
                0x0000000000003100       0x1c Output/Debug/Obj/tcs3448_pca10100/nrfx_rtc.o
 .text.nrf_rtc_cc_set
                0x000000000000311c       0x1c Output/Debug/Obj/tcs3448_pca10100/nrfx_rtc.o
 .text.nrf_rtc_int_enable
                0x0000000000003138       0x14 Output/Debug/Obj/tcs3448_pca10100/nrfx_rtc.o
 .text.nrf_rtc_int_disable
                0x000000000000314c       0x14 Output/Debug/Obj/tcs3448_pca10100/nrfx_rtc.o
 .text.nrf_rtc_int_is_enabled
                0x0000000000003160       0x16 Output/Debug/Obj/tcs3448_pca10100/nrfx_rtc.o
 .text.nrf_rtc_event_pending
                0x0000000000003176       0x1a Output/Debug/Obj/tcs3448_pca10100/nrfx_rtc.o
 .text.nrf_rtc_event_clear
                0x0000000000003190       0x2a Output/Debug/Obj/tcs3448_pca10100/nrfx_rtc.o
 .text.nrf_rtc_counter_get
                0x00000000000031ba       0x10 Output/Debug/Obj/tcs3448_pca10100/nrfx_rtc.o
 *fill*         0x00000000000031ca        0x2 
 .text.nrf_rtc_prescaler_set
                0x00000000000031cc       0x30 Output/Debug/Obj/tcs3448_pca10100/nrfx_rtc.o
 .text.nrf_rtc_task_trigger
                0x00000000000031fc       0x1e Output/Debug/Obj/tcs3448_pca10100/nrfx_rtc.o
 .text.nrf_rtc_event_enable
                0x000000000000321a       0x14 Output/Debug/Obj/tcs3448_pca10100/nrfx_rtc.o
 .text.nrf_rtc_event_disable
                0x000000000000322e       0x14 Output/Debug/Obj/tcs3448_pca10100/nrfx_rtc.o
 *fill*         0x0000000000003242        0x2 
 .text.nrfx_rtc_init
                0x0000000000003244       0xe4 Output/Debug/Obj/tcs3448_pca10100/nrfx_rtc.o
                0x0000000000003244                nrfx_rtc_init
 .text.nrfx_rtc_enable
                0x0000000000003328       0x54 Output/Debug/Obj/tcs3448_pca10100/nrfx_rtc.o
                0x0000000000003328                nrfx_rtc_enable
 .text.nrfx_rtc_cc_set
                0x000000000000337c      0x140 Output/Debug/Obj/tcs3448_pca10100/nrfx_rtc.o
                0x000000000000337c                nrfx_rtc_cc_set
 .text.irq_handler
                0x00000000000034bc      0x114 Output/Debug/Obj/tcs3448_pca10100/nrfx_rtc.o
 .text.RTC2_IRQHandler
                0x00000000000035d0       0x14 Output/Debug/Obj/tcs3448_pca10100/nrfx_rtc.o
                0x00000000000035d0                RTC2_IRQHandler
 .text.nrfx_coredep_delay_us
                0x00000000000035e4       0x30 Output/Debug/Obj/tcs3448_pca10100/nrf_drv_twi.o
 .text.nrf_gpio_pin_port_decode
                0x0000000000003614       0x4c Output/Debug/Obj/tcs3448_pca10100/nrf_drv_twi.o
 .text.nrf_gpio_pin_set
                0x0000000000003660       0x28 Output/Debug/Obj/tcs3448_pca10100/nrf_drv_twi.o
 .text.nrf_gpio_pin_clear
                0x0000000000003688       0x28 Output/Debug/Obj/tcs3448_pca10100/nrf_drv_twi.o
 .text.nrf_gpio_pin_read
                0x00000000000036b0       0x2a Output/Debug/Obj/tcs3448_pca10100/nrf_drv_twi.o
 .text.nrf_gpio_port_in_read
                0x00000000000036da       0x10 Output/Debug/Obj/tcs3448_pca10100/nrf_drv_twi.o
 .text.nrf_gpio_port_out_set
                0x00000000000036ea       0x14 Output/Debug/Obj/tcs3448_pca10100/nrf_drv_twi.o
 .text.nrf_gpio_port_out_clear
                0x00000000000036fe       0x14 Output/Debug/Obj/tcs3448_pca10100/nrf_drv_twi.o
 .text.nrf_gpio_pin_present_check
                0x0000000000003712       0x50 Output/Debug/Obj/tcs3448_pca10100/nrf_drv_twi.o
 .text.twi_clear_bus
                0x0000000000003762       0xde Output/Debug/Obj/tcs3448_pca10100/nrf_drv_twi.o
 .text.twim_evt_handler
                0x0000000000003840       0x6c Output/Debug/Obj/tcs3448_pca10100/nrf_drv_twi.o
 .text.nrf_drv_twi_init
                0x00000000000038ac       0x68 Output/Debug/Obj/tcs3448_pca10100/nrf_drv_twi.o
                0x00000000000038ac                nrf_drv_twi_init
 .text.__NVIC_EnableIRQ
                0x0000000000003914       0x34 Output/Debug/Obj/tcs3448_pca10100/nrfx_twim.o
 .text.__NVIC_ClearPendingIRQ
                0x0000000000003948       0x38 Output/Debug/Obj/tcs3448_pca10100/nrfx_twim.o
 .text.__NVIC_SetPriority
                0x0000000000003980       0x50 Output/Debug/Obj/tcs3448_pca10100/nrfx_twim.o
 .text.nrfx_is_in_ram
                0x00000000000039d0       0x1c Output/Debug/Obj/tcs3448_pca10100/nrfx_twim.o
 .text.nrfx_get_irq_number
                0x00000000000039ec       0x10 Output/Debug/Obj/tcs3448_pca10100/nrfx_twim.o
 .text._NRFX_IRQ_PRIORITY_SET
                0x00000000000039fc       0x40 Output/Debug/Obj/tcs3448_pca10100/nrfx_twim.o
 .text._NRFX_IRQ_ENABLE
                0x0000000000003a3c       0x1c Output/Debug/Obj/tcs3448_pca10100/nrfx_twim.o
 .text._NRFX_IRQ_PENDING_CLEAR
                0x0000000000003a58       0x1c Output/Debug/Obj/tcs3448_pca10100/nrfx_twim.o
 .text.nrf_twim_task_trigger
                0x0000000000003a74       0x1c Output/Debug/Obj/tcs3448_pca10100/nrfx_twim.o
 .text.nrf_twim_event_clear
                0x0000000000003a90       0x2a Output/Debug/Obj/tcs3448_pca10100/nrfx_twim.o
 .text.nrf_twim_event_check
                0x0000000000003aba       0x24 Output/Debug/Obj/tcs3448_pca10100/nrfx_twim.o
 .text.nrf_twim_int_enable
                0x0000000000003ade       0x14 Output/Debug/Obj/tcs3448_pca10100/nrfx_twim.o
 .text.nrf_twim_int_disable
                0x0000000000003af2       0x14 Output/Debug/Obj/tcs3448_pca10100/nrfx_twim.o
 .text.nrf_twim_enable
                0x0000000000003b06       0x12 Output/Debug/Obj/tcs3448_pca10100/nrfx_twim.o
 .text.nrf_twim_disable
                0x0000000000003b18       0x12 Output/Debug/Obj/tcs3448_pca10100/nrfx_twim.o
 .text.nrf_twim_pins_set
                0x0000000000003b2a       0x1e Output/Debug/Obj/tcs3448_pca10100/nrfx_twim.o
 .text.nrf_twim_frequency_set
                0x0000000000003b48       0x14 Output/Debug/Obj/tcs3448_pca10100/nrfx_twim.o
 .text.nrf_twim_errorsrc_get_and_clear
                0x0000000000003b5c       0x1c Output/Debug/Obj/tcs3448_pca10100/nrfx_twim.o
 .text.nrf_twim_address_set
                0x0000000000003b78       0x1a Output/Debug/Obj/tcs3448_pca10100/nrfx_twim.o
 .text.nrf_twim_tx_buffer_set
                0x0000000000003b92       0x1e Output/Debug/Obj/tcs3448_pca10100/nrfx_twim.o
 .text.nrf_twim_rx_buffer_set
                0x0000000000003bb0       0x1e Output/Debug/Obj/tcs3448_pca10100/nrfx_twim.o
 .text.nrf_twim_shorts_set
                0x0000000000003bce       0x14 Output/Debug/Obj/tcs3448_pca10100/nrfx_twim.o
 .text.nrf_twim_txd_amount_get
                0x0000000000003be2       0x10 Output/Debug/Obj/tcs3448_pca10100/nrfx_twim.o
 .text.nrf_twim_shorts_get
                0x0000000000003bf2       0x10 Output/Debug/Obj/tcs3448_pca10100/nrfx_twim.o
 .text.nrf_twim_rxd_amount_get
                0x0000000000003c02       0x10 Output/Debug/Obj/tcs3448_pca10100/nrfx_twim.o
 .text.nrf_twim_tx_list_enable
                0x0000000000003c12       0x12 Output/Debug/Obj/tcs3448_pca10100/nrfx_twim.o
 .text.nrf_twim_tx_list_disable
                0x0000000000003c24       0x12 Output/Debug/Obj/tcs3448_pca10100/nrfx_twim.o
 .text.nrf_twim_rx_list_enable
                0x0000000000003c36       0x12 Output/Debug/Obj/tcs3448_pca10100/nrfx_twim.o
 .text.nrf_twim_rx_list_disable
                0x0000000000003c48       0x12 Output/Debug/Obj/tcs3448_pca10100/nrfx_twim.o
 *fill*         0x0000000000003c5a        0x2 
 .text.nrf_gpio_pin_port_decode
                0x0000000000003c5c       0x4c Output/Debug/Obj/tcs3448_pca10100/nrfx_twim.o
 .text.nrf_gpio_cfg
                0x0000000000003ca8       0x62 Output/Debug/Obj/tcs3448_pca10100/nrfx_twim.o
 .text.nrf_gpio_pin_present_check
                0x0000000000003d0a       0x50 Output/Debug/Obj/tcs3448_pca10100/nrfx_twim.o
 .text.twi_process_error
                0x0000000000003d5a       0x40 Output/Debug/Obj/tcs3448_pca10100/nrfx_twim.o
 *fill*         0x0000000000003d9a        0x2 
 .text.xfer_completeness_check
                0x0000000000003d9c       0xfc Output/Debug/Obj/tcs3448_pca10100/nrfx_twim.o
 .text.nrfx_twim_init
                0x0000000000003e98      0x148 Output/Debug/Obj/tcs3448_pca10100/nrfx_twim.o
                0x0000000000003e98                nrfx_twim_init
 .text.nrfx_twim_enable
                0x0000000000003fe0       0x50 Output/Debug/Obj/tcs3448_pca10100/nrfx_twim.o
                0x0000000000003fe0                nrfx_twim_enable
 .text.twim_list_enable_handle
                0x0000000000004030       0x40 Output/Debug/Obj/tcs3448_pca10100/nrfx_twim.o
 .text.twim_xfer
                0x0000000000004070      0x440 Output/Debug/Obj/tcs3448_pca10100/nrfx_twim.o
 .text.nrfx_twim_xfer
                0x00000000000044b0       0x9c Output/Debug/Obj/tcs3448_pca10100/nrfx_twim.o
                0x00000000000044b0                nrfx_twim_xfer
 .text.nrfx_twim_tx
                0x000000000000454c       0x50 Output/Debug/Obj/tcs3448_pca10100/nrfx_twim.o
                0x000000000000454c                nrfx_twim_tx
 .text.nrfx_twim_rx
                0x000000000000459c       0x44 Output/Debug/Obj/tcs3448_pca10100/nrfx_twim.o
                0x000000000000459c                nrfx_twim_rx
 .text.twim_irq_handler
                0x00000000000045e0      0x2a4 Output/Debug/Obj/tcs3448_pca10100/nrfx_twim.o
 .text.SPIM0_SPIS0_TWIM0_TWIS0_SPI0_TWI0_IRQHandler
                0x0000000000004884       0x18 Output/Debug/Obj/tcs3448_pca10100/nrfx_twim.o
                0x0000000000004884                SPIM0_SPIS0_TWIM0_TWIS0_SPI0_TWI0_IRQHandler
 .text.nrf_spim_event_clear
                0x000000000000489c       0x2a Output/Debug/Obj/tcs3448_pca10100/nrfx_spim.o
 .text.nrf_spim_event_check
                0x00000000000048c6       0x24 Output/Debug/Obj/tcs3448_pca10100/nrfx_spim.o
 *fill*         0x00000000000048ea        0x2 
 .text.nrf_gpio_pin_port_decode
                0x00000000000048ec       0x4c Output/Debug/Obj/tcs3448_pca10100/nrfx_spim.o
 .text.nrf_gpio_pin_set
                0x0000000000004938       0x28 Output/Debug/Obj/tcs3448_pca10100/nrfx_spim.o
 .text.nrf_gpio_pin_clear
                0x0000000000004960       0x28 Output/Debug/Obj/tcs3448_pca10100/nrfx_spim.o
 .text.nrf_gpio_port_out_set
                0x0000000000004988       0x14 Output/Debug/Obj/tcs3448_pca10100/nrfx_spim.o
 .text.nrf_gpio_port_out_clear
                0x000000000000499c       0x14 Output/Debug/Obj/tcs3448_pca10100/nrfx_spim.o
 .text.nrf_gpio_pin_present_check
                0x00000000000049b0       0x50 Output/Debug/Obj/tcs3448_pca10100/nrfx_spim.o
 .text.finish_transfer
                0x0000000000004a00       0x52 Output/Debug/Obj/tcs3448_pca10100/nrfx_spim.o
 *fill*         0x0000000000004a52        0x2 
 .text.irq_handler
                0x0000000000004a54       0x48 Output/Debug/Obj/tcs3448_pca10100/nrfx_spim.o
 .text.SPIM1_SPIS1_TWIM1_TWIS1_SPI1_TWI1_IRQHandler
                0x0000000000004a9c       0x14 Output/Debug/Obj/tcs3448_pca10100/nrfx_spim.o
                0x0000000000004a9c                SPIM1_SPIS1_TWIM1_TWIS1_SPI1_TWI1_IRQHandler
 .text.nrfx_coredep_delay_us
                0x0000000000004ab0       0x30 Output/Debug/Obj/tcs3448_pca10100/main.o
 .text.nrf_gpio_pin_port_decode
                0x0000000000004ae0       0x4c Output/Debug/Obj/tcs3448_pca10100/main.o
 .text.nrf_gpio_cfg
                0x0000000000004b2c       0x62 Output/Debug/Obj/tcs3448_pca10100/main.o
 .text.nrf_gpio_cfg_output
                0x0000000000004b8e       0x22 Output/Debug/Obj/tcs3448_pca10100/main.o
 .text.nrf_gpio_pin_present_check
                0x0000000000004bb0       0x50 Output/Debug/Obj/tcs3448_pca10100/main.o
 .text.nrf_rtc_task_trigger
                0x0000000000004c00       0x1e Output/Debug/Obj/tcs3448_pca10100/main.o
 .text.nrfx_rtc_counter_clear
                0x0000000000004c1e       0x1a Output/Debug/Obj/tcs3448_pca10100/main.o
 .text.nrf_delay_ms
                0x0000000000004c38       0x2a Output/Debug/Obj/tcs3448_pca10100/main.o
 *fill*         0x0000000000004c62        0x2 
 .text.rtc_handler
                0x0000000000004c64       0x88 Output/Debug/Obj/tcs3448_pca10100/main.o
 .text.lfclk_config
                0x0000000000004cec       0x30 Output/Debug/Obj/tcs3448_pca10100/main.o
 .text.rtc_config
                0x0000000000004d1c       0x70 Output/Debug/Obj/tcs3448_pca10100/main.o
 .text.init_log
                0x0000000000004d8c       0x34 Output/Debug/Obj/tcs3448_pca10100/main.o
                0x0000000000004d8c                init_log
 .text.main     0x0000000000004dc0      0x16c Output/Debug/Obj/tcs3448_pca10100/main.o
                0x0000000000004dc0                main
 .text._DoInit  0x0000000000004f2c       0x9c Output/Debug/Obj/tcs3448_pca10100/SEGGER_RTT.o
 .text._WriteBlocking
                0x0000000000004fc8       0xb2 Output/Debug/Obj/tcs3448_pca10100/SEGGER_RTT.o
 .text._WriteNoCheck
                0x000000000000507a       0x7e Output/Debug/Obj/tcs3448_pca10100/SEGGER_RTT.o
 .text._GetAvailWriteSpace
                0x00000000000050f8       0x3c Output/Debug/Obj/tcs3448_pca10100/SEGGER_RTT.o
 .text.SEGGER_RTT_WriteNoLock
                0x0000000000005134       0xa0 Output/Debug/Obj/tcs3448_pca10100/SEGGER_RTT.o
                0x0000000000005134                SEGGER_RTT_WriteNoLock
 .text.SEGGER_RTT_Init
                0x00000000000051d4        0xa Output/Debug/Obj/tcs3448_pca10100/SEGGER_RTT.o
                0x00000000000051d4                SEGGER_RTT_Init
 *fill*         0x00000000000051de        0x2 
 .text.__NVIC_SystemReset
                0x00000000000051e0       0x28 Output/Debug/Obj/tcs3448_pca10100/system_nrf52833.o
 .text.nrf52_errata_36
                0x0000000000005208       0x50 Output/Debug/Obj/tcs3448_pca10100/system_nrf52833.o
 .text.nrf52_errata_66
                0x0000000000005258       0x50 Output/Debug/Obj/tcs3448_pca10100/system_nrf52833.o
 .text.nrf52_errata_136
                0x00000000000052a8       0x50 Output/Debug/Obj/tcs3448_pca10100/system_nrf52833.o
 .text.nrf52_errata_249
                0x00000000000052f8       0x50 Output/Debug/Obj/tcs3448_pca10100/system_nrf52833.o
 .text.nrf52_handle_approtect
                0x0000000000005348       0x20 Output/Debug/Obj/tcs3448_pca10100/system_nrf52833.o
 .text.nvmc_wait
                0x0000000000005368       0x18 Output/Debug/Obj/tcs3448_pca10100/system_nrf52833.o
                0x0000000000005368                nvmc_wait
 .text.nvmc_config
                0x0000000000005380       0x20 Output/Debug/Obj/tcs3448_pca10100/system_nrf52833.o
                0x0000000000005380                nvmc_config
 .text.SystemCoreClockUpdate
                0x00000000000053a0       0x14 Output/Debug/Obj/tcs3448_pca10100/system_nrf52833.o
                0x00000000000053a0                SystemCoreClockUpdate
 .text.SystemInit
                0x00000000000053b4      0x1bc Output/Debug/Obj/tcs3448_pca10100/system_nrf52833.o
                0x00000000000053b4                SystemInit
 .text.nrf_drv_twi_enable
                0x0000000000005570       0x18 Output/Debug/Obj/tcs3448_pca10100/i2c_interface.o
 .text.nrf_drv_twi_tx
                0x0000000000005588       0x40 Output/Debug/Obj/tcs3448_pca10100/i2c_interface.o
 .text.nrf_drv_twi_rx
                0x00000000000055c8       0x38 Output/Debug/Obj/tcs3448_pca10100/i2c_interface.o
 .text.nrf_gpio_pin_port_decode
                0x0000000000005600       0x4c Output/Debug/Obj/tcs3448_pca10100/i2c_interface.o
 .text.nrf_gpio_cfg
                0x000000000000564c       0x62 Output/Debug/Obj/tcs3448_pca10100/i2c_interface.o
 .text.nrf_gpio_pin_present_check
                0x00000000000056ae       0x50 Output/Debug/Obj/tcs3448_pca10100/i2c_interface.o
 *fill*         0x00000000000056fe        0x2 
 .text.i2c_disable_internal_pullups
                0x0000000000005700       0x64 Output/Debug/Obj/tcs3448_pca10100/i2c_interface.o
                0x0000000000005700                i2c_disable_internal_pullups
 .text.i2c_init
                0x0000000000005764       0xe0 Output/Debug/Obj/tcs3448_pca10100/i2c_interface.o
                0x0000000000005764                i2c_init
 .text.i2c_read_bytes
                0x0000000000005844       0xac Output/Debug/Obj/tcs3448_pca10100/i2c_interface.o
                0x0000000000005844                i2c_read_bytes
 .text.tcs3448_write_reg
                0x00000000000058f0       0x74 Output/Debug/Obj/tcs3448_pca10100/i2c_interface.o
                0x00000000000058f0                tcs3448_write_reg
 .text.tcs3448_read_reg
                0x0000000000005964       0x98 Output/Debug/Obj/tcs3448_pca10100/i2c_interface.o
                0x0000000000005964                tcs3448_read_reg
 .text.tcs3448_write_reg16
                0x00000000000059fc       0x84 Output/Debug/Obj/tcs3448_pca10100/i2c_interface.o
                0x00000000000059fc                tcs3448_write_reg16
 .text.nrfx_coredep_delay_us
                0x0000000000005a80       0x30 Output/Debug/Obj/tcs3448_pca10100/tcs3448.o
 .text.nrf_delay_ms
                0x0000000000005ab0       0x2a Output/Debug/Obj/tcs3448_pca10100/tcs3448.o
 *fill*         0x0000000000005ada        0x2 
 .text.test_tcs3448_connection
                0x0000000000005adc       0x7c Output/Debug/Obj/tcs3448_pca10100/tcs3448.o
                0x0000000000005adc                test_tcs3448_connection
 .text.tcs3448_power_enable
                0x0000000000005b58       0x4c Output/Debug/Obj/tcs3448_pca10100/tcs3448.o
                0x0000000000005b58                tcs3448_power_enable
 .text.tcs3448_init_sensor
                0x0000000000005ba4       0x5c Output/Debug/Obj/tcs3448_pca10100/tcs3448.o
                0x0000000000005ba4                tcs3448_init_sensor
 .text.tcs3448_configure
                0x0000000000005c00      0x210 Output/Debug/Obj/tcs3448_pca10100/tcs3448.o
                0x0000000000005c00                tcs3448_configure
 .text.tcs3448_enable_spectral_measurement
                0x0000000000005e10       0x56 Output/Debug/Obj/tcs3448_pca10100/tcs3448.o
                0x0000000000005e10                tcs3448_enable_spectral_measurement
 *fill*         0x0000000000005e66        0x2 
 .text.tcs3448_read_all_channels
                0x0000000000005e68       0xd8 Output/Debug/Obj/tcs3448_pca10100/tcs3448.o
                0x0000000000005e68                tcs3448_read_all_channels
 .text.tcs3448_delay_for_data
                0x0000000000005f40       0x5e Output/Debug/Obj/tcs3448_pca10100/tcs3448.o
                0x0000000000005f40                tcs3448_delay_for_data
 .text.tcs3448_get_is_data_ready
                0x0000000000005f9e       0x40 Output/Debug/Obj/tcs3448_pca10100/tcs3448.o
                0x0000000000005f9e                tcs3448_get_is_data_ready
 *fill*         0x0000000000005fde        0x2 
 .text.tcs3448_sample_and_print
                0x0000000000005fe0      0x2f0 Output/Debug/Obj/tcs3448_pca10100/tcs3448.o
                0x0000000000005fe0                tcs3448_sample_and_print
 .text.tcs3448_calculate_par_from_channels
                0x00000000000062d0      0x290 Output/Debug/Obj/tcs3448_pca10100/tcs3448.o
                0x00000000000062d0                tcs3448_calculate_par_from_channels
 .text.libc.__RAL_ascii_isctype
                0x0000000000006560       0x1c C:/Program Files/SEGGER/SEGGER Embedded Studio for ARM 5.42a/lib/libc_v7em_fpv4_sp_d16_hard_t_le_eabi.a(libc2.o)
 .text.libc.__RAL_ascii_toupper
                0x000000000000657c        0xc C:/Program Files/SEGGER/SEGGER Embedded Studio for ARM 5.42a/lib/libc_v7em_fpv4_sp_d16_hard_t_le_eabi.a(libc2.o)
 .text.libc.__RAL_ascii_tolower
                0x0000000000006588        0xc C:/Program Files/SEGGER/SEGGER Embedded Studio for ARM 5.42a/lib/libc_v7em_fpv4_sp_d16_hard_t_le_eabi.a(libc2.o)
 .text.libc.__RAL_ascii_iswctype
                0x0000000000006594       0x1c C:/Program Files/SEGGER/SEGGER Embedded Studio for ARM 5.42a/lib/libc_v7em_fpv4_sp_d16_hard_t_le_eabi.a(libc2.o)
 .text.libc.__RAL_ascii_towupper
                0x00000000000065b0        0xc C:/Program Files/SEGGER/SEGGER Embedded Studio for ARM 5.42a/lib/libc_v7em_fpv4_sp_d16_hard_t_le_eabi.a(libc2.o)
 .text.libc.__RAL_ascii_towlower
                0x00000000000065bc        0xc C:/Program Files/SEGGER/SEGGER Embedded Studio for ARM 5.42a/lib/libc_v7em_fpv4_sp_d16_hard_t_le_eabi.a(libc2.o)
 .text.libc.__RAL_ascii_wctomb
                0x00000000000065c8        0xe C:/Program Files/SEGGER/SEGGER Embedded Studio for ARM 5.42a/lib/libc_v7em_fpv4_sp_d16_hard_t_le_eabi.a(libc2.o)
                0x00000000000065c8                __RAL_ascii_wctomb
 .text.libc.__RAL_ascii_mbtowc
                0x00000000000065d6       0x24 C:/Program Files/SEGGER/SEGGER Embedded Studio for ARM 5.42a/lib/libc_v7em_fpv4_sp_d16_hard_t_le_eabi.a(libc2.o)
                0x00000000000065d6                __RAL_ascii_mbtowc
 *fill*         0x00000000000065fa        0x2 
 .text.libc.__RAL_isctype
                0x00000000000065fc       0x14 C:/Program Files/SEGGER/SEGGER Embedded Studio for ARM 5.42a/lib/libc_v7em_fpv4_sp_d16_hard_t_le_eabi.a(libc2.o)
                0x00000000000065fc                __RAL_isctype
 .text.libc.isprint
                0x0000000000006610        0xa C:/Program Files/SEGGER/SEGGER Embedded Studio for ARM 5.42a/lib/libc_v7em_fpv4_sp_d16_hard_t_le_eabi.a(libc2.o)
                0x0000000000006610                isprint
 .text.libc.memcpy
                0x000000000000661a       0x52 C:/Program Files/SEGGER/SEGGER Embedded Studio for ARM 5.42a/lib/libc_v7em_fpv4_sp_d16_hard_t_le_eabi.a(libc2_asm.o)
                0x000000000000661a                __aeabi_memcpy
                0x000000000000661a                memcpy
                0x0000000000006626                __aeabi_memcpy8
                0x0000000000006626                __aeabi_memcpy4
 .text.libc.memset
                0x000000000000666c       0x66 C:/Program Files/SEGGER/SEGGER Embedded Studio for ARM 5.42a/lib/libc_v7em_fpv4_sp_d16_hard_t_le_eabi.a(libc2_asm.o)
                0x000000000000666c                memset
 .text.libc.strcpy
                0x00000000000066d2       0x44 C:/Program Files/SEGGER/SEGGER Embedded Studio for ARM 5.42a/lib/libc_v7em_fpv4_sp_d16_hard_t_le_eabi.a(libc2_asm.o)
                0x00000000000066d2                strcpy
 .text.libc.strlen
                0x0000000000006716       0x60 C:/Program Files/SEGGER/SEGGER Embedded Studio for ARM 5.42a/lib/libc_v7em_fpv4_sp_d16_hard_t_le_eabi.a(libc2_asm.o)
                0x0000000000006716                strlen
                0x0000000000006778                . = ALIGN (MAX ((__text_start__ + 0x4), .), 0x4)
 *fill*         0x0000000000006776        0x2 
                0x0000000000006778                __text_end__ = (__text_start__ + SIZEOF (.text))
                0x00000000000063a8                __text_size__ = SIZEOF (.text)
                0x0000000000006778                __text_load_end__ = __text_end__

.vfp11_veneer   0x0000000100000000        0x0
 .vfp11_veneer  0x0000000100000000        0x0 linker stubs

.v4_bx          0x0000000100000000        0x0
 .v4_bx         0x0000000100000000        0x0 linker stubs

.iplt           0x0000000100000000        0x0
 .iplt          0x0000000100000000        0x0 Output/Debug/Obj/tcs3448_pca10100/thumb_crt0.o
                0x0000000000000001                . = ASSERT (((__text_start__ == __text_end__) || ((__text_end__ - __FLASH1_segment_start__) <= __FLASH1_segment_size__)), error: .text is too large to fit in FLASH1 memory segment)
                0x0000000000006778                __pwr_mgmt_data_load_start__ = ALIGN (__text_end__, 0x4)

.pwr_mgmt_data  0x0000000000006778        0x0
                0x0000000000006778                __pwr_mgmt_data_start__ = .
                0x0000000000006778                __start_pwr_mgmt_data = __pwr_mgmt_data_start__
 *(SORT_BY_NAME(.pwr_mgmt_data*))
                0x0000000000006778                __pwr_mgmt_data_end__ = (__pwr_mgmt_data_start__ + SIZEOF (.pwr_mgmt_data))
                0x0000000000000000                __pwr_mgmt_data_size__ = SIZEOF (.pwr_mgmt_data)
                0x0000000000006778                __stop_pwr_mgmt_data = __pwr_mgmt_data_end__
                0x0000000000006778                __pwr_mgmt_data_load_end__ = __pwr_mgmt_data_end__
                0x0000000000000001                . = ASSERT (((__pwr_mgmt_data_start__ == __pwr_mgmt_data_end__) || ((__pwr_mgmt_data_end__ - __FLASH1_segment_start__) <= __FLASH1_segment_size__)), error: .pwr_mgmt_data is too large to fit in FLASH1 memory segment)
                0x0000000000006778                __log_const_data_load_start__ = ALIGN (__pwr_mgmt_data_end__, 0x4)

.log_const_data
                0x0000000000006778       0x60
                0x0000000000006778                __log_const_data_start__ = .
                0x0000000000006778                __start_log_const_data = __log_const_data_start__
 *(SORT_BY_NAME(.log_const_data*))
 .log_const_data_CLOCK
                0x0000000000006778        0x8 Output/Debug/Obj/tcs3448_pca10100/nrfx_clock.o
                0x0000000000006778                m_nrf_log_CLOCK_logs_data_const
 .log_const_data_PPI
                0x0000000000006780        0x8 Output/Debug/Obj/tcs3448_pca10100/nrfx_ppi.o
                0x0000000000006780                m_nrf_log_PPI_logs_data_const
 .log_const_data_PRS
                0x0000000000006788        0x8 Output/Debug/Obj/tcs3448_pca10100/nrfx_prs.o
                0x0000000000006788                m_nrf_log_PRS_logs_data_const
 .log_const_data_RTC
                0x0000000000006790        0x8 Output/Debug/Obj/tcs3448_pca10100/nrfx_rtc.o
                0x0000000000006790                m_nrf_log_RTC_logs_data_const
 .log_const_data_SAADC
                0x0000000000006798        0x8 Output/Debug/Obj/tcs3448_pca10100/nrfx_saadc.o
                0x0000000000006798                m_nrf_log_SAADC_logs_data_const
 .log_const_data_SPIM
                0x00000000000067a0        0x8 Output/Debug/Obj/tcs3448_pca10100/nrfx_spim.o
                0x00000000000067a0                m_nrf_log_SPIM_logs_data_const
 .log_const_data_TWIM
                0x00000000000067a8        0x8 Output/Debug/Obj/tcs3448_pca10100/nrfx_twim.o
                0x00000000000067a8                m_nrf_log_TWIM_logs_data_const
 .log_const_data_UART
                0x00000000000067b0        0x8 Output/Debug/Obj/tcs3448_pca10100/nrfx_uart.o
                0x00000000000067b0                m_nrf_log_UART_logs_data_const
 .log_const_data_UARTE
                0x00000000000067b8        0x8 Output/Debug/Obj/tcs3448_pca10100/nrfx_uarte.o
                0x00000000000067b8                m_nrf_log_UARTE_logs_data_const
 .log_const_data_app
                0x00000000000067c0        0x8 Output/Debug/Obj/tcs3448_pca10100/nrf_log_frontend.o
                0x00000000000067c0                m_nrf_log_app_logs_data_const
 .log_const_data_clock
                0x00000000000067c8        0x8 Output/Debug/Obj/tcs3448_pca10100/nrf_drv_clock.o
                0x00000000000067c8                m_nrf_log_clock_logs_data_const
 .log_const_data_pwr_mgmt
                0x00000000000067d0        0x8 Output/Debug/Obj/tcs3448_pca10100/nrf_pwr_mgmt.o
                0x00000000000067d0                m_nrf_log_pwr_mgmt_logs_data_const
                0x00000000000067d8                __log_const_data_end__ = (__log_const_data_start__ + SIZEOF (.log_const_data))
                0x0000000000000060                __log_const_data_size__ = SIZEOF (.log_const_data)
                0x00000000000067d8                __stop_log_const_data = __log_const_data_end__
                0x00000000000067d8                __log_const_data_load_end__ = __log_const_data_end__
                0x0000000000000001                . = ASSERT (((__log_const_data_start__ == __log_const_data_end__) || ((__log_const_data_end__ - __FLASH1_segment_start__) <= __FLASH1_segment_size__)), error: .log_const_data is too large to fit in FLASH1 memory segment)
                0x00000000000067d8                __log_backends_load_start__ = ALIGN (__log_const_data_end__, 0x4)

.log_backends   0x00000000000067d8       0x10
                0x00000000000067d8                __log_backends_start__ = .
                0x00000000000067d8                __start_log_backends = __log_backends_start__
 *(SORT_BY_NAME(.log_backends*))
 .log_backends  0x00000000000067d8       0x10 Output/Debug/Obj/tcs3448_pca10100/nrf_log_default_backends.o
                0x00000000000067e8                __log_backends_end__ = (__log_backends_start__ + SIZEOF (.log_backends))
                0x0000000000000010                __log_backends_size__ = SIZEOF (.log_backends)
                0x00000000000067e8                __stop_log_backends = __log_backends_end__
                0x00000000000067e8                __log_backends_load_end__ = __log_backends_end__
                0x0000000000000001                . = ASSERT (((__log_backends_start__ == __log_backends_end__) || ((__log_backends_end__ - __FLASH1_segment_start__) <= __FLASH1_segment_size__)), error: .log_backends is too large to fit in FLASH1 memory segment)
                0x00000000000067e8                __nrf_balloc_load_start__ = ALIGN (__log_backends_end__, 0x4)

.nrf_balloc     0x00000000000067e8       0x14
                0x00000000000067e8                __nrf_balloc_start__ = .
                0x00000000000067e8                __start_nrf_balloc = __nrf_balloc_start__
 *(.nrf_balloc*)
 .nrf_balloc    0x00000000000067e8       0x14 Output/Debug/Obj/tcs3448_pca10100/nrf_log_frontend.o
                0x00000000000067e8                log_mempool
                0x00000000000067fc                __nrf_balloc_end__ = (__nrf_balloc_start__ + SIZEOF (.nrf_balloc))
                0x0000000000000014                __nrf_balloc_size__ = SIZEOF (.nrf_balloc)
                0x00000000000067fc                __stop_nrf_balloc = __nrf_balloc_end__
                0x00000000000067fc                __nrf_balloc_load_end__ = __nrf_balloc_end__
                0x0000000000000001                . = ASSERT (((__nrf_balloc_start__ == __nrf_balloc_end__) || ((__nrf_balloc_end__ - __FLASH1_segment_start__) <= __FLASH1_segment_size__)), error: .nrf_balloc is too large to fit in FLASH1 memory segment)
                0x00000000000067fc                __nrf_sections_load_start__ = ALIGN (__nrf_balloc_end__, 0x4)

.nrf_sections   0x00000000000067fc        0x0
                0x00000000000067fc                __nrf_sections_start__ = .
                0x00000000000067fc                __start_nrf_sections = __nrf_sections_start__
 *(.nrf_sections .nrf_sections.*)
                0x00000000000067fc                __nrf_sections_end__ = (__nrf_sections_start__ + SIZEOF (.nrf_sections))
                0x0000000000000000                __nrf_sections_size__ = SIZEOF (.nrf_sections)
                0x00000000000067fc                __nrf_sections_load_end__ = __nrf_sections_end__
                0x0000000000000001                . = ASSERT (((__nrf_sections_start__ == __nrf_sections_end__) || ((__nrf_sections_end__ - __FLASH1_segment_start__) <= __FLASH1_segment_size__)), error: .nrf_sections is too large to fit in FLASH1 memory segment)
                0x00000000000067fc                __log_dynamic_data_load_start__ = ALIGN (__nrf_sections_end__, 0x4)

.log_dynamic_data
                0x0000000020000000        0x0 load address 0x00000000000067fc
                0x0000000020000000                __log_dynamic_data_start__ = .
 *(SORT_BY_NAME(.log_dynamic_data*))
                0x0000000020000000                __log_dynamic_data_end__ = (__log_dynamic_data_start__ + SIZEOF (.log_dynamic_data))
                0x0000000000000000                __log_dynamic_data_size__ = SIZEOF (.log_dynamic_data)
                0x00000000000067fc                __log_dynamic_data_load_end__ = (__log_dynamic_data_load_start__ + SIZEOF (.log_dynamic_data))
                0x0000000000000001                . = ASSERT (((__log_dynamic_data_load_start__ == __log_dynamic_data_load_end__) || ((__log_dynamic_data_load_end__ - __FLASH1_segment_start__) <= __FLASH1_segment_size__)), error: .log_dynamic_data is too large to fit in FLASH1 memory segment)

.log_dynamic_data_run
                0x0000000020000000        0x0
                0x0000000020000000                __log_dynamic_data_run_start__ = .
                0x0000000020000000                __start_log_dynamic_data = __log_dynamic_data_run_start__
                0x0000000020000000                __log_dynamic_data_run_end__ = (__log_dynamic_data_run_start__ + SIZEOF (.log_dynamic_data))
                0x0000000000000000                __log_dynamic_data_run_size__ = (__log_dynamic_data_run_end__ - __log_dynamic_data_run_start__)
                0x0000000020000000                __stop_log_dynamic_data = __log_dynamic_data_run_end__
                0x0000000020000000                __log_dynamic_data_run_load_end__ = __log_dynamic_data_run_end__
                0x0000000000000001                . = ASSERT (((__log_dynamic_data_run_start__ == __log_dynamic_data_run_end__) || ((__log_dynamic_data_run_end__ - __RAM1_segment_start__) <= __RAM1_segment_size__)), error: .log_dynamic_data_run is too large to fit in RAM1 memory segment)
                0x00000000000067fc                __log_filter_data_load_start__ = ALIGN ((__log_dynamic_data_load_start__ + SIZEOF (.log_dynamic_data)), 0x4)

.log_filter_data
                0x0000000020000000        0x0 load address 0x00000000000067fc
                0x0000000020000000                __log_filter_data_start__ = .
 *(SORT_BY_NAME(.log_filter_data*))
                0x0000000020000000                __log_filter_data_end__ = (__log_filter_data_start__ + SIZEOF (.log_filter_data))
                0x0000000000000000                __log_filter_data_size__ = SIZEOF (.log_filter_data)
                0x00000000000067fc                __log_filter_data_load_end__ = (__log_filter_data_load_start__ + SIZEOF (.log_filter_data))
                0x0000000000000001                . = ASSERT (((__log_filter_data_load_start__ == __log_filter_data_load_end__) || ((__log_filter_data_load_end__ - __FLASH1_segment_start__) <= __FLASH1_segment_size__)), error: .log_filter_data is too large to fit in FLASH1 memory segment)

.log_filter_data_run
                0x0000000020000000        0x0
                0x0000000020000000                __log_filter_data_run_start__ = .
                0x0000000020000000                __start_log_filter_data = __log_filter_data_run_start__
                0x0000000020000000                __log_filter_data_run_end__ = (__log_filter_data_run_start__ + SIZEOF (.log_filter_data))
                0x0000000000000000                __log_filter_data_run_size__ = (__log_filter_data_run_end__ - __log_filter_data_run_start__)
                0x0000000020000000                __stop_log_filter_data = __log_filter_data_run_end__
                0x0000000020000000                __log_filter_data_run_load_end__ = __log_filter_data_run_end__
                0x0000000000000001                . = ASSERT (((__log_filter_data_run_start__ == __log_filter_data_run_end__) || ((__log_filter_data_run_end__ - __RAM1_segment_start__) <= __RAM1_segment_size__)), error: .log_filter_data_run is too large to fit in RAM1 memory segment)
                0x0000000020000000                __nrf_sections_run_end_load_start__ = ALIGN (__log_filter_data_run_end__, 0x4)

.nrf_sections_run_end
                0x0000000020000000        0x0
                0x0000000020000000                __nrf_sections_run_end_start__ = .
                0x0000000020000000                __end_nrf_sections_run = __nrf_sections_run_end_start__
 *(.nrf_sections_run_end .nrf_sections_run_end.*)
                0x0000000020000000                __nrf_sections_run_end_end__ = (__nrf_sections_run_end_start__ + SIZEOF (.nrf_sections_run_end))
                0x0000000000000000                __nrf_sections_run_end_size__ = SIZEOF (.nrf_sections_run_end)
                0x0000000020000000                __nrf_sections_run_end_load_end__ = __nrf_sections_run_end_end__
                0x0000000000000001                . = ASSERT (((__nrf_sections_run_end_start__ == __nrf_sections_run_end_end__) || ((__nrf_sections_run_end_end__ - __RAM1_segment_start__) <= __RAM1_segment_size__)), error: .nrf_sections_run_end is too large to fit in RAM1 memory segment)
                0x00000000000067fc                __dtors_load_start__ = ALIGN ((__log_filter_data_load_start__ + SIZEOF (.log_filter_data)), 0x4)

.dtors          0x00000000000067fc        0x0
                0x00000000000067fc                __dtors_start__ = .
 *(SORT_BY_NAME(.dtors.*))
 *(.dtors)
 *(.fini_array)
 *(SORT_BY_NAME(.fini_array.*))
                0x00000000000067fc                __dtors_end__ = (__dtors_start__ + SIZEOF (.dtors))
                0x0000000000000000                __dtors_size__ = SIZEOF (.dtors)
                0x00000000000067fc                __dtors_load_end__ = __dtors_end__
                0x0000000000000001                . = ASSERT (((__dtors_start__ == __dtors_end__) || ((__dtors_end__ - __FLASH1_segment_start__) <= __FLASH1_segment_size__)), error: .dtors is too large to fit in FLASH1 memory segment)
                0x00000000000067fc                __ctors_load_start__ = ALIGN (__dtors_end__, 0x4)

.ctors          0x00000000000067fc        0x0
                0x00000000000067fc                __ctors_start__ = .
 *(SORT_BY_NAME(.ctors.*))
 *(.ctors)
 *(.init_array)
 *(SORT_BY_NAME(.init_array.*))
                0x00000000000067fc                __ctors_end__ = (__ctors_start__ + SIZEOF (.ctors))
                0x0000000000000000                __ctors_size__ = SIZEOF (.ctors)
                0x00000000000067fc                __ctors_load_end__ = __ctors_end__
                0x0000000000000001                . = ASSERT (((__ctors_start__ == __ctors_end__) || ((__ctors_end__ - __FLASH1_segment_start__) <= __FLASH1_segment_size__)), error: .ctors is too large to fit in FLASH1 memory segment)
                0x00000000000067fc                __rodata_load_start__ = ALIGN (__ctors_end__, 0x4)

.rodata         0x00000000000067fc     0x182c
                0x00000000000067fc                __rodata_start__ = .
 *(.rodata .rodata.* .gnu.linkonce.r.*)
 .rodata.nrf_log_backend_rtt_api
                0x00000000000067fc        0xc Output/Debug/Obj/tcs3448_pca10100/nrf_log_backend_rtt.o
                0x00000000000067fc                nrf_log_backend_rtt_api
 *fill*         0x0000000000006808        0x8 
 .rodata.delay_machine_code.0
                0x0000000000006810        0x6 Output/Debug/Obj/tcs3448_pca10100/nrf_log_backend_rtt.o
 *fill*         0x0000000000006816        0x2 
 .rodata        0x0000000000006818       0x63 Output/Debug/Obj/tcs3448_pca10100/nrf_log_default_backends.o
 *fill*         0x000000000000687b        0x1 
 .rodata.m_log_push_ringbuf
                0x000000000000687c        0xc Output/Debug/Obj/tcs3448_pca10100/nrf_log_frontend.o
 .rodata        0x0000000000006888       0x61 Output/Debug/Obj/tcs3448_pca10100/nrf_log_frontend.o
 *fill*         0x00000000000068e9        0x3 
 .rodata        0x00000000000068ec       0xaa Output/Debug/Obj/tcs3448_pca10100/nrf_log_str_formatter.o
 *fill*         0x0000000000006996        0x2 
 .rodata        0x0000000000006998       0x70 Output/Debug/Obj/tcs3448_pca10100/app_error_weak.o
 .rodata        0x0000000000006a08       0x49 Output/Debug/Obj/tcs3448_pca10100/app_util_platform.o
 *fill*         0x0000000000006a51        0x3 
 .rodata        0x0000000000006a54       0x44 Output/Debug/Obj/tcs3448_pca10100/nrf_balloc.o
 .rodata        0x0000000000006a98       0x3a Output/Debug/Obj/tcs3448_pca10100/nrf_fprintf.o
 *fill*         0x0000000000006ad2        0x2 
 .rodata        0x0000000000006ad4       0x41 Output/Debug/Obj/tcs3448_pca10100/nrf_fprintf_format.o
 *fill*         0x0000000000006b15        0x3 
 .rodata._aV2C.0
                0x0000000000006b18       0x10 Output/Debug/Obj/tcs3448_pca10100/nrf_fprintf_format.o
 .rodata        0x0000000000006b28       0x44 Output/Debug/Obj/tcs3448_pca10100/nrf_memobj.o
 .rodata        0x0000000000006b6c       0xe0 Output/Debug/Obj/tcs3448_pca10100/nrf_pwr_mgmt.o
 .rodata.m_unknown_str
                0x0000000000006c4c       0x13 Output/Debug/Obj/tcs3448_pca10100/nrf_strerror.o
 *fill*         0x0000000000006c5f        0x1 
 .rodata        0x0000000000006c60      0x3bd Output/Debug/Obj/tcs3448_pca10100/nrf_strerror.o
 *fill*         0x000000000000701d        0x3 
 .rodata.nrf_strerror_array
                0x0000000000007020      0x118 Output/Debug/Obj/tcs3448_pca10100/nrf_strerror.o
 .rodata        0x0000000000007138       0x4b Output/Debug/Obj/tcs3448_pca10100/nrf_drv_clock.o
 *fill*         0x0000000000007183        0x1 
 .rodata        0x0000000000007184       0x79 Output/Debug/Obj/tcs3448_pca10100/nrfx_clock.o
 *fill*         0x00000000000071fd        0x3 
 .rodata        0x0000000000007200        0x4 Output/Debug/Obj/tcs3448_pca10100/nrfx_ppi.o
 .rodata        0x0000000000007204       0x47 Output/Debug/Obj/tcs3448_pca10100/nrfx_prs.o
 *fill*         0x000000000000724b        0x1 
 .rodata        0x000000000000724c       0xa9 Output/Debug/Obj/tcs3448_pca10100/nrfx_saadc.o
 *fill*         0x00000000000072f5        0x3 
 .rodata        0x00000000000072f8       0xa8 Output/Debug/Obj/tcs3448_pca10100/nrfx_uart.o
 .rodata        0x00000000000073a0       0xa9 Output/Debug/Obj/tcs3448_pca10100/nrfx_uarte.o
 *fill*         0x0000000000007449        0x3 
 .rodata        0x000000000000744c       0xa3 Output/Debug/Obj/tcs3448_pca10100/nrfx_rtc.o
 *fill*         0x00000000000074ef        0x1 
 .rodata        0x00000000000074f0       0x2e Output/Debug/Obj/tcs3448_pca10100/nrf_drv_twi.o
 *fill*         0x000000000000751e        0x2 
 .rodata.delay_machine_code.0
                0x0000000000007520        0x6 Output/Debug/Obj/tcs3448_pca10100/nrf_drv_twi.o
 *fill*         0x0000000000007526        0x2 
 .rodata        0x0000000000007528       0xa8 Output/Debug/Obj/tcs3448_pca10100/nrfx_twim.o
 .rodata.irq_handlers.0
                0x00000000000075d0        0x4 Output/Debug/Obj/tcs3448_pca10100/nrfx_twim.o
 .rodata        0x00000000000075d4       0xa8 Output/Debug/Obj/tcs3448_pca10100/nrfx_spim.o
 .rodata        0x000000000000767c      0x166 Output/Debug/Obj/tcs3448_pca10100/main.o
 *fill*         0x00000000000077e2        0x2 
 .rodata.rtc    0x00000000000077e4        0x8 Output/Debug/Obj/tcs3448_pca10100/main.o
                0x00000000000077e4                rtc
 *fill*         0x00000000000077ec        0x4 
 .rodata.delay_machine_code.0
                0x00000000000077f0        0x6 Output/Debug/Obj/tcs3448_pca10100/main.o
 *fill*         0x00000000000077f6        0x2 
 .rodata        0x00000000000077f8       0x17 Output/Debug/Obj/tcs3448_pca10100/SEGGER_RTT.o
 *fill*         0x000000000000780f        0x1 
 .rodata        0x0000000000007810      0x217 Output/Debug/Obj/tcs3448_pca10100/i2c_interface.o
 *fill*         0x0000000000007a27        0x1 
 .rodata.m_twi  0x0000000000007a28       0x10 Output/Debug/Obj/tcs3448_pca10100/i2c_interface.o
                0x0000000000007a28                m_twi
 .rodata        0x0000000000007a38      0x36c Output/Debug/Obj/tcs3448_pca10100/tcs3448.o
 .rodata.gain_factors
                0x0000000000007da4       0x34 Output/Debug/Obj/tcs3448_pca10100/tcs3448.o
 *fill*         0x0000000000007dd8        0x8 
 .rodata.delay_machine_code.0
                0x0000000000007de0        0x6 Output/Debug/Obj/tcs3448_pca10100/tcs3448.o
 *fill*         0x0000000000007de6        0x2 
 .rodata.libc.__RAL_find_locale.str1.4
                0x0000000000007de8        0xa C:/Program Files/SEGGER/SEGGER Embedded Studio for ARM 5.42a/lib/libc_v7em_fpv4_sp_d16_hard_t_le_eabi.a(libc2.o)
 *fill*         0x0000000000007df2        0x2 
 .rodata.libc.__RAL_ascii_ctype_map
                0x0000000000007df4       0x80 C:/Program Files/SEGGER/SEGGER Embedded Studio for ARM 5.42a/lib/libc_v7em_fpv4_sp_d16_hard_t_le_eabi.a(libc2.o)
                0x0000000000007df4                __RAL_ascii_ctype_map
 .rodata.libc.__RAL_ascii_ctype_mask
                0x0000000000007e74        0xd C:/Program Files/SEGGER/SEGGER Embedded Studio for ARM 5.42a/lib/libc_v7em_fpv4_sp_d16_hard_t_le_eabi.a(libc2.o)
 *fill*         0x0000000000007e81        0x3 
 .rodata.libc.__RAL_c_locale
                0x0000000000007e84        0xc C:/Program Files/SEGGER/SEGGER Embedded Studio for ARM 5.42a/lib/libc_v7em_fpv4_sp_d16_hard_t_le_eabi.a(libc2.o)
                0x0000000000007e84                __RAL_c_locale
 .rodata.libc.__RAL_c_locale_abbrev_day_names
                0x0000000000007e90       0x1d C:/Program Files/SEGGER/SEGGER Embedded Studio for ARM 5.42a/lib/libc_v7em_fpv4_sp_d16_hard_t_le_eabi.a(libc2.o)
                0x0000000000007e90                __RAL_c_locale_abbrev_day_names
 *fill*         0x0000000000007ead        0x3 
 .rodata.libc.__RAL_c_locale_abbrev_month_names
                0x0000000000007eb0       0x31 C:/Program Files/SEGGER/SEGGER Embedded Studio for ARM 5.42a/lib/libc_v7em_fpv4_sp_d16_hard_t_le_eabi.a(libc2.o)
                0x0000000000007eb0                __RAL_c_locale_abbrev_month_names
 *fill*         0x0000000000007ee1        0x3 
 .rodata.libc.__RAL_c_locale_am_pm_indicator
                0x0000000000007ee4        0x7 C:/Program Files/SEGGER/SEGGER Embedded Studio for ARM 5.42a/lib/libc_v7em_fpv4_sp_d16_hard_t_le_eabi.a(libc2.o)
                0x0000000000007ee4                __RAL_c_locale_am_pm_indicator
 *fill*         0x0000000000007eeb        0x1 
 .rodata.libc.__RAL_c_locale_data
                0x0000000000007eec       0x58 C:/Program Files/SEGGER/SEGGER Embedded Studio for ARM 5.42a/lib/libc_v7em_fpv4_sp_d16_hard_t_le_eabi.a(libc2.o)
                0x0000000000007eec                __RAL_c_locale_data
 .rodata.libc.__RAL_c_locale_date_format
                0x0000000000007f44        0x9 C:/Program Files/SEGGER/SEGGER Embedded Studio for ARM 5.42a/lib/libc_v7em_fpv4_sp_d16_hard_t_le_eabi.a(libc2.o)
                0x0000000000007f44                __RAL_c_locale_date_format
 *fill*         0x0000000000007f4d        0x3 
 .rodata.libc.__RAL_c_locale_date_time_format
                0x0000000000007f50        0xf C:/Program Files/SEGGER/SEGGER Embedded Studio for ARM 5.42a/lib/libc_v7em_fpv4_sp_d16_hard_t_le_eabi.a(libc2.o)
                0x0000000000007f50                __RAL_c_locale_date_time_format
 *fill*         0x0000000000007f5f        0x1 
 .rodata.libc.__RAL_c_locale_day_names
                0x0000000000007f60       0x3a C:/Program Files/SEGGER/SEGGER Embedded Studio for ARM 5.42a/lib/libc_v7em_fpv4_sp_d16_hard_t_le_eabi.a(libc2.o)
                0x0000000000007f60                __RAL_c_locale_day_names
 *fill*         0x0000000000007f9a        0x2 
 .rodata.libc.__RAL_c_locale_month_names
                0x0000000000007f9c       0x57 C:/Program Files/SEGGER/SEGGER Embedded Studio for ARM 5.42a/lib/libc_v7em_fpv4_sp_d16_hard_t_le_eabi.a(libc2.o)
                0x0000000000007f9c                __RAL_c_locale_month_names
 *fill*         0x0000000000007ff3        0x1 
 .rodata.libc.__RAL_c_locale_time_format
                0x0000000000007ff4        0x9 C:/Program Files/SEGGER/SEGGER Embedded Studio for ARM 5.42a/lib/libc_v7em_fpv4_sp_d16_hard_t_le_eabi.a(libc2.o)
                0x0000000000007ff4                __RAL_c_locale_time_format
 *fill*         0x0000000000007ffd        0x3 
 .rodata.libc.__RAL_codeset_ascii
                0x0000000000008000       0x20 C:/Program Files/SEGGER/SEGGER Embedded Studio for ARM 5.42a/lib/libc_v7em_fpv4_sp_d16_hard_t_le_eabi.a(libc2.o)
                0x0000000000008000                __RAL_codeset_ascii
 .rodata.libc.__RAL_data_empty_string
                0x0000000000008020        0x1 C:/Program Files/SEGGER/SEGGER Embedded Studio for ARM 5.42a/lib/libc_v7em_fpv4_sp_d16_hard_t_le_eabi.a(libc2.o)
                0x0000000000008020                __RAL_data_empty_string
 *fill*         0x0000000000008021        0x3 
 .rodata.libc.__RAL_data_utf8_period
                0x0000000000008024        0x2 C:/Program Files/SEGGER/SEGGER Embedded Studio for ARM 5.42a/lib/libc_v7em_fpv4_sp_d16_hard_t_le_eabi.a(libc2.o)
                0x0000000000008024                __RAL_data_utf8_period
                0x0000000000008028                . = ALIGN (MAX ((__rodata_start__ + 0x4), .), 0x4)
 *fill*         0x0000000000008026        0x2 
                0x0000000000008028                __rodata_end__ = (__rodata_start__ + SIZEOF (.rodata))
                0x000000000000182c                __rodata_size__ = SIZEOF (.rodata)
                0x0000000000008028                __rodata_load_end__ = __rodata_end__

.rel.dyn        0x0000000000008028        0x0
 .rel.iplt      0x0000000000008028        0x0 Output/Debug/Obj/tcs3448_pca10100/thumb_crt0.o
                0x0000000000000001                . = ASSERT (((__rodata_start__ == __rodata_end__) || ((__rodata_end__ - __FLASH1_segment_start__) <= __FLASH1_segment_size__)), error: .rodata is too large to fit in FLASH1 memory segment)
                0x0000000000008028                __ARM.exidx_load_start__ = ALIGN (__rodata_end__, 0x4)

.ARM.exidx      0x0000000000008028        0x0
                0x0000000000008028                __ARM.exidx_start__ = .
                0x0000000000008028                __exidx_start = __ARM.exidx_start__
 *(.ARM.exidx .ARM.exidx.*)
                0x0000000000008028                __ARM.exidx_end__ = (__ARM.exidx_start__ + SIZEOF (.ARM.exidx))
                0x0000000000000000                __ARM.exidx_size__ = SIZEOF (.ARM.exidx)
                0x0000000000008028                __exidx_end = __ARM.exidx_end__
                0x0000000000008028                __ARM.exidx_load_end__ = __ARM.exidx_end__
                0x0000000000000001                . = ASSERT (((__ARM.exidx_start__ == __ARM.exidx_end__) || ((__ARM.exidx_end__ - __FLASH1_segment_start__) <= __FLASH1_segment_size__)), error: .ARM.exidx is too large to fit in FLASH1 memory segment)
                0x0000000000008028                __fast_load_start__ = ALIGN (__ARM.exidx_end__, 0x4)

.fast           0x0000000020000000        0x0 load address 0x0000000000008028
                0x0000000020000000                __fast_start__ = .
 *(.fast .fast.*)
                0x0000000020000000                __fast_end__ = (__fast_start__ + SIZEOF (.fast))
                0x0000000000000000                __fast_size__ = SIZEOF (.fast)
                0x0000000000008028                __fast_load_end__ = (__fast_load_start__ + SIZEOF (.fast))
                0x0000000000000001                . = ASSERT (((__fast_load_start__ == __fast_load_end__) || ((__fast_load_end__ - __FLASH1_segment_start__) <= __FLASH1_segment_size__)), error: .fast is too large to fit in FLASH1 memory segment)

.fast_run       0x0000000020000000        0x0
                0x0000000020000000                __fast_run_start__ = .
                0x0000000020000000                __fast_run_end__ = (__fast_run_start__ + SIZEOF (.fast))
                0x0000000000000000                __fast_run_size__ = (__fast_run_end__ - __fast_run_start__)
                0x0000000020000000                __fast_run_load_end__ = __fast_run_end__
                0x0000000000000001                . = ASSERT (((__fast_run_start__ == __fast_run_end__) || ((__fast_run_end__ - __RAM1_segment_start__) <= __RAM1_segment_size__)), error: .fast_run is too large to fit in RAM1 memory segment)
                0x0000000000008028                __data_load_start__ = ALIGN ((__fast_load_start__ + SIZEOF (.fast)), 0x4)

.data           0x0000000020000000       0x64 load address 0x0000000000008028
                0x0000000020000000                __data_start__ = .
 *(.data .data.* .gnu.linkonce.d.*)
 .data.log_backend_cb_rtt_log_backend
                0x0000000020000000        0x8 Output/Debug/Obj/tcs3448_pca10100/nrf_log_default_backends.o
 .data.m_buffer_mask
                0x0000000020000008        0x4 Output/Debug/Obj/tcs3448_pca10100/nrf_log_frontend.o
 .data.severity_names
                0x000000002000000c       0x14 Output/Debug/Obj/tcs3448_pca10100/nrf_log_str_formatter.o
 .data.m_colors
                0x0000000020000020       0x24 Output/Debug/Obj/tcs3448_pca10100/nrf_log_str_formatter.o
 .data.rtc_ticks
                0x0000000020000044        0x4 Output/Debug/Obj/tcs3448_pca10100/main.o
 .data.SystemCoreClock
                0x0000000020000048        0x4 Output/Debug/Obj/tcs3448_pca10100/system_nrf52833.o
                0x0000000020000048                SystemCoreClock
 .data.s_tcs3448_gain
                0x000000002000004c        0x1 Output/Debug/Obj/tcs3448_pca10100/tcs3448.o
 *fill*         0x000000002000004d        0x3 
 .data.libc.__RAL_global_locale
                0x0000000020000050       0x14 C:/Program Files/SEGGER/SEGGER Embedded Studio for ARM 5.42a/lib/libc_v7em_fpv4_sp_d16_hard_t_le_eabi.a(libc2.o)
                0x0000000020000050                __RAL_global_locale
                0x0000000020000064                __data_end__ = (__data_start__ + SIZEOF (.data))
                0x0000000000000064                __data_size__ = SIZEOF (.data)
                0x000000000000808c                __data_load_end__ = (__data_load_start__ + SIZEOF (.data))

.igot.plt       0x0000000100000000        0x0
 .igot.plt      0x0000000100000000        0x0 Output/Debug/Obj/tcs3448_pca10100/thumb_crt0.o
                0x0000000000000001                . = ASSERT (((__data_load_start__ == __data_load_end__) || ((__data_load_end__ - __FLASH1_segment_start__) <= __FLASH1_segment_size__)), error: .data is too large to fit in FLASH1 memory segment)

.data_run       0x0000000020000000        0x0
                0x0000000020000000                __data_run_start__ = .
                0x0000000020000064                __data_run_end__ = (__data_run_start__ + SIZEOF (.data))
                0x0000000000000064                __data_run_size__ = (__data_run_end__ - __data_run_start__)
                0x0000000020000064                __data_run_load_end__ = __data_run_end__
                0x0000000000000001                . = ASSERT (((__data_run_start__ == __data_run_end__) || ((__data_run_end__ - __RAM1_segment_start__) <= __RAM1_segment_size__)), error: .data_run is too large to fit in RAM1 memory segment)
                0x000000000000808c                __tdata_load_start__ = ALIGN ((__data_load_start__ + SIZEOF (.data)), 0x4)

.tdata          0x0000000020000064        0x0 load address 0x000000000000808c
                0x0000000020000064                __tdata_start__ = .
 *(.tdata .tdata.*)
                0x0000000020000064                __tdata_end__ = (__tdata_start__ + SIZEOF (.tdata))
                0x0000000000000000                __tdata_size__ = SIZEOF (.tdata)
                0x000000000000808c                __tdata_load_end__ = (__tdata_load_start__ + SIZEOF (.tdata))
                0x000000000000808c                __FLASH1_segment_used_end__ = (ALIGN ((__data_load_start__ + SIZEOF (.data)), 0x4) + SIZEOF (.tdata))
                0x000000000000808c                __FLASH1_segment_used_size__ = (__FLASH1_segment_used_end__ - __FLASH1_segment_start__)
                0x0000000000000001                . = ASSERT (((__tdata_load_start__ == __tdata_load_end__) || ((__tdata_load_end__ - __FLASH1_segment_start__) <= __FLASH1_segment_size__)), error: .tdata is too large to fit in FLASH1 memory segment)

.tdata_run      0x0000000020000064        0x0
                0x0000000020000064                __tdata_run_start__ = .
                0x0000000020000064                __tdata_run_end__ = (__tdata_run_start__ + SIZEOF (.tdata))
                0x0000000000000000                __tdata_run_size__ = (__tdata_run_end__ - __tdata_run_start__)
                0x0000000020000064                __tdata_run_load_end__ = __tdata_run_end__
                0x0000000000000001                . = ASSERT (((__tdata_run_start__ == __tdata_run_end__) || ((__tdata_run_end__ - __RAM1_segment_start__) <= __RAM1_segment_size__)), error: .tdata_run is too large to fit in RAM1 memory segment)
                0x0000000020000064                __bss_load_start__ = ALIGN (__tdata_run_end__, 0x4)

.bss            0x0000000020000064      0x944
                0x0000000020000064                __bss_start__ = .
 *(.bss .bss.* .gnu.linkonce.b.*)
 .bss.m_host_present
                0x0000000020000064        0x1 Output/Debug/Obj/tcs3448_pca10100/nrf_log_backend_rtt.o
 *fill*         0x0000000020000065        0x3 
 .bss.m_string_buff
                0x0000000020000068       0x40 Output/Debug/Obj/tcs3448_pca10100/nrf_log_backend_rtt.o
 .bss.log_mempool_nrf_balloc_pool_stack
                0x00000000200000a8        0x8 Output/Debug/Obj/tcs3448_pca10100/nrf_log_frontend.o
 .bss.log_mempool_nrf_balloc_pool_mem
                0x00000000200000b0       0xc0 Output/Debug/Obj/tcs3448_pca10100/nrf_log_frontend.o
 .bss.log_mempool_nrf_balloc_cb
                0x0000000020000170        0x8 Output/Debug/Obj/tcs3448_pca10100/nrf_log_frontend.o
 .bss.m_log_push_ringbuf_buf
                0x0000000020000178       0x80 Output/Debug/Obj/tcs3448_pca10100/nrf_log_frontend.o
 .bss.m_log_push_ringbuf_cb
                0x00000000200001f8       0x18 Output/Debug/Obj/tcs3448_pca10100/nrf_log_frontend.o
 .bss.m_log_data
                0x0000000020000210      0x420 Output/Debug/Obj/tcs3448_pca10100/nrf_log_frontend.o
 .bss.m_error_data.0
                0x0000000020000630       0x20 Output/Debug/Obj/tcs3448_pca10100/app_error.o
 .bss.m_in_critical_region
                0x0000000020000650        0x4 Output/Debug/Obj/tcs3448_pca10100/app_util_platform.o
 .bss.m_clock_cb
                0x0000000020000654       0x14 Output/Debug/Obj/tcs3448_pca10100/nrf_drv_clock.o
 .bss.m_clock_cb
                0x0000000020000668        0x8 Output/Debug/Obj/tcs3448_pca10100/nrfx_clock.o
 .bss.m_prs_box_4
                0x0000000020000670        0x8 Output/Debug/Obj/tcs3448_pca10100/nrfx_prs.o
 .bss.m_cb      0x0000000020000678       0x30 Output/Debug/Obj/tcs3448_pca10100/nrfx_saadc.o
 .bss.m_handlers
                0x00000000200006a8        0x4 Output/Debug/Obj/tcs3448_pca10100/nrfx_rtc.o
 .bss.m_cb      0x00000000200006ac        0x3 Output/Debug/Obj/tcs3448_pca10100/nrfx_rtc.o
 *fill*         0x00000000200006af        0x1 
 .bss.m_handlers
                0x00000000200006b0        0x8 Output/Debug/Obj/tcs3448_pca10100/nrf_drv_twi.o
 .bss.m_contexts
                0x00000000200006b8        0x8 Output/Debug/Obj/tcs3448_pca10100/nrf_drv_twi.o
 .bss.m_cb      0x00000000200006c0       0x34 Output/Debug/Obj/tcs3448_pca10100/nrfx_twim.o
 .bss.m_cb      0x00000000200006f4       0x24 Output/Debug/Obj/tcs3448_pca10100/nrfx_spim.o
 .bss.tcs3448_initialized
                0x0000000020000718        0x1 Output/Debug/Obj/tcs3448_pca10100/main.o
 *fill*         0x0000000020000719        0x3 
 .bss._SEGGER_RTT
                0x000000002000071c       0x78 Output/Debug/Obj/tcs3448_pca10100/SEGGER_RTT.o
                0x000000002000071c                _SEGGER_RTT
 .bss._acUpBuffer
                0x0000000020000794      0x200 Output/Debug/Obj/tcs3448_pca10100/SEGGER_RTT.o
 .bss._acDownBuffer
                0x0000000020000994       0x10 Output/Debug/Obj/tcs3448_pca10100/SEGGER_RTT.o
 .bss.s_atime   0x00000000200009a4        0x1 Output/Debug/Obj/tcs3448_pca10100/tcs3448.o
 *fill*         0x00000000200009a5        0x1 
 .bss.s_astep   0x00000000200009a6        0x2 Output/Debug/Obj/tcs3448_pca10100/tcs3448.o
 *(COMMON)
                0x00000000200009a8                __bss_end__ = (__bss_start__ + SIZEOF (.bss))
                0x0000000000000944                __bss_size__ = SIZEOF (.bss)
                0x00000000200009a8                __bss_load_end__ = __bss_end__
                0x0000000000000001                . = ASSERT (((__bss_start__ == __bss_end__) || ((__bss_end__ - __RAM1_segment_start__) <= __RAM1_segment_size__)), error: .bss is too large to fit in RAM1 memory segment)
                0x00000000200009a8                __tbss_load_start__ = ALIGN (__bss_end__, 0x4)

.tbss           0x00000000200009a8        0x0
                0x00000000200009a8                __tbss_start__ = .
 *(.tbss .tbss.*)
                0x00000000200009a8                __tbss_end__ = (__tbss_start__ + SIZEOF (.tbss))
                0x0000000000000000                __tbss_size__ = SIZEOF (.tbss)
                0x00000000200009a8                __tbss_load_end__ = __tbss_end__
                0x0000000000000001                . = ASSERT (((__tbss_start__ == __tbss_end__) || ((__tbss_end__ - __RAM1_segment_start__) <= __RAM1_segment_size__)), error: .tbss is too large to fit in RAM1 memory segment)
                0x00000000200009a8                __non_init_load_start__ = ALIGN (__tbss_end__, 0x4)

.non_init       0x00000000200009a8        0x0
                0x00000000200009a8                __non_init_start__ = .
 *(.non_init .non_init.*)
                0x00000000200009a8                __non_init_end__ = (__non_init_start__ + SIZEOF (.non_init))
                0x0000000000000000                __non_init_size__ = SIZEOF (.non_init)
                0x00000000200009a8                __non_init_load_end__ = __non_init_end__
                0x0000000000000001                . = ASSERT (((__non_init_start__ == __non_init_end__) || ((__non_init_end__ - __RAM1_segment_start__) <= __RAM1_segment_size__)), error: .non_init is too large to fit in RAM1 memory segment)
                0x00000000200009a8                __heap_load_start__ = ALIGN (__non_init_end__, 0x4)

.heap           0x00000000200009a8     0x2000
                0x00000000200009a8                __heap_start__ = .
 *(.heap .heap.*)
                0x00000000200029a8                . = ALIGN (MAX ((__heap_start__ + __HEAPSIZE__), .), 0x4)
 *fill*         0x00000000200009a8     0x2000 
                0x00000000200029a8                __heap_end__ = (__heap_start__ + SIZEOF (.heap))
                0x0000000000002000                __heap_size__ = SIZEOF (.heap)
                0x00000000200029a8                __heap_load_end__ = __heap_end__
                0x0000000000000001                . = ASSERT (((__heap_start__ == __heap_end__) || ((__heap_end__ - __RAM1_segment_start__) <= __RAM1_segment_size__)), error: .heap is too large to fit in RAM1 memory segment)
                0x000000002001e000                __stack_load_start__ = (__RAM1_segment_start__ + (__RAM1_segment_size__ - 0x2000))

.stack          0x000000002001e000     0x2000
                0x000000002001e000                __stack_start__ = .
                0x000000002001e000                __StackLimit = __stack_start__
 *(.stack .stack.*)
                0x0000000020020000                . = ALIGN (MAX ((__stack_start__ + __STACKSIZE__), .), 0x8)
 *fill*         0x000000002001e000     0x2000 
                0x0000000020020000                __stack_end__ = (__stack_start__ + SIZEOF (.stack))
                0x0000000000002000                __stack_size__ = SIZEOF (.stack)
                0x0000000020020000                __StackTop = __stack_end__
                0x0000000020020000                __stack_load_end__ = __stack_end__
                0x0000000000000001                . = ASSERT (((__stack_start__ == __stack_end__) || ((__stack_end__ - __RAM1_segment_start__) <= __RAM1_segment_size__)), error: .stack is too large to fit in RAM1 memory segment)
                0x0000000000000001                . = ASSERT ((__heap_end__ <= __stack_start__), error: section .heap overlaps absolute placed section .stack)
                0x0000000020020000                __stack_process_load_start__ = ALIGN (__stack_end__, 0x8)

.stack_process  0x0000000020020000        0x0
                0x0000000020020000                __stack_process_start__ = .
 *(.stack_process .stack_process.*)
                0x0000000020020000                . = ALIGN (MAX ((__stack_process_start__ + __STACKSIZE_PROCESS__), .), 0x8)
                0x0000000020020000                __stack_process_end__ = (__stack_process_start__ + SIZEOF (.stack_process))
                0x0000000000000000                __stack_process_size__ = SIZEOF (.stack_process)
                0x0000000020020000                __stack_process_load_end__ = __stack_process_end__
                0x0000000020020000                __RAM1_segment_used_end__ = (ALIGN (__stack_end__, 0x8) + SIZEOF (.stack_process))
                0x0000000000020000                __RAM1_segment_used_size__ = (__RAM1_segment_used_end__ - __RAM1_segment_start__)
                0x0000000000000001                . = ASSERT (((__stack_process_start__ == __stack_process_end__) || ((__stack_process_end__ - __RAM1_segment_start__) <= __RAM1_segment_size__)), error: .stack_process is too large to fit in RAM1 memory segment)
START GROUP
LOAD Output/Debug/Obj/tcs3448_pca10100/thumb_crt0.o
LOAD Output/Debug/Obj/tcs3448_pca10100/nrf_log_backend_rtt.o
LOAD Output/Debug/Obj/tcs3448_pca10100/nrf_log_backend_serial.o